WATCOM Linker Version 10.6
Copyright by WATCOM International Corp. 1985, 1996. All rights reserved.
Created on:       98/03/03 21:38:18
Executable Image: fx.exe
creating a PMODE/W executable


                        +------------+
                        |   Groups   |
                        +------------+

Group                           Address              Size
=====                           =======              ====

DGROUP                          0002:00000000        00007c50



                        +--------------+
                        |   Segments   |
                        +--------------+

Segment                Class          Group          Address         Size
=======                =====          =====          =======         ====

BEGTEXT                CODE                          0001:00000000   00000010
_TEXT                  CODE                          0001:00000010   00011f90
_NULL                  BEGDATA        DGROUP         0002:00000000   00000004
_AFTERNULL             BEGDATA        DGROUP         0002:00000004   00000000
CONST                  DATA           DGROUP         0002:00000004   00000e4c
CONST2                 DATA           DGROUP         0002:00000e50   00000198
_DATA                  DATA           DGROUP         0002:00000fe8   00000b61
XIB                    DATA           DGROUP         0002:00001b4a   00000000
XI                     DATA           DGROUP         0002:00001b4a   00000042
XIE                    DATA           DGROUP         0002:00001b8c   00000000
YIB                    DATA           DGROUP         0002:00001b8c   00000000
YI                     DATA           DGROUP         0002:00001b8c   00000012
YIE                    DATA           DGROUP         0002:00001b9e   00000000
TIB                    DATA           DGROUP         0002:00001b9e   00000000
TI                     DATA           DGROUP         0002:00001b9e   00000000
TIE                    DATA           DGROUP         0002:00001b9e   00000000
DATA                   DATA           DGROUP         0002:00001b9e   00000000
DATA32                 DATA           DGROUP         0002:00001ba0   0000011c
CONST32                CONST          DGROUP         0002:00001cbc   00000000
_BSS                   BSS            DGROUP         0002:00001cbc   00004f8c
BSS32                  BSS            DGROUP         0002:00006c48   00000000
STACK                  STACK          DGROUP         0002:00006c50   00001000


                        +----------------+
                        |   Memory Map   |
                        +----------------+

* = unreferenced symbol
+ = symbol only referenced locally

Address        Symbol
=======        ======

Module: device.obj(E:\DEMO\FX\BAK\050\device.cpp)
0001:00000010  short near checkCard( short unsigned, short unsigned )
0001:00000054  short near initCard( short unsigned, short unsigned, short unsigned, short unsigned, short unsigned, short unsigned, short unsigned, long unsigned )
0001:00000160  void near startCard( short unsigned, short unsigned, short unsigned, short unsigned, long unsigned, long unsigned )
0001:00000228  void near stopCard()
0001:00000284  void near clearCard()
0001:000002d4+ void near PlainInterupt()
0002:00001cbc+ short unsigned near clearvalue
Module: dev_sb.obj(E:\DEMO\FX\BAK\050\dev_sb.cpp)
0001:00000438* char unsigned near reset_SB( short unsigned )
0001:000004a0  short unsigned near getDSPversion()
0001:00000518  short unsigned near checkSB( short unsigned )
0001:00000684  void near initSB( short unsigned )
0001:000006b4  void near closeSB()
0001:00000738  long unsigned near setMixSB1( long unsigned )
0001:000007b8  void near setLengthSB1( short unsigned )
0001:00000838  void near startSB1()
0001:00000864  void near stopSB1()
0001:00000890  long unsigned near setMixSB2( long unsigned )
0001:00000910  void near setLengthSB2( short unsigned )
0001:00000990  void near startSB2()
0001:000009bc  void near stopSB2()
0001:000009e8  long unsigned near setMixSBpro( long unsigned )
0001:00000a7c  void near setLengthSBpro( short unsigned )
0001:00000afc  void near startSBpro()
0001:00000b9c  void near stopSBpro()
0001:00000bc8  void near setMixSB16( long unsigned )
0001:00000c40  void near startSB16( short unsigned, short unsigned, short unsigned )
0001:00000d10  void near stopSB16()
0001:00000d5c  void near interupt_SB()
Module: convert.obj(E:\DEMO\FX\BAK\050\convert.cpp)
0001:00000d80  void near ConvU8MtoS8M( char near *, long unsigned )
0001:00000da0  void near ConvU16MtoS16M( char near *, long unsigned )
0001:00000dc4  void near Conv8Mto8M( char near *, char near *, long unsigned )
0001:00000de0  void near Conv8Mto8S( char near *, char near *, long unsigned )
0001:00000e00  void near Conv8Mto16M( char near *, char near *, long unsigned )
0001:00000e24  void near Conv8Mto16S( char near *, char near *, long unsigned )
0001:00000e4c  void near Conv8Sto8M( char near *, char near *, long unsigned )
0001:00000e80  void near Conv8Sto8S( char near *, char near *, long unsigned )
0001:00000ea0  void near Conv8Sto16M( char near *, char near *, long unsigned )
0001:00000ee0  void near Conv8Sto16S( char near *, char near *, long unsigned )
0001:00000f10  void near Conv16Mto8M( char near *, char near *, long unsigned )
0001:00000f44  void near Conv16Mto8S( char near *, char near *, long unsigned )
0001:00000f7c  void near Conv16Mto16M( char near *, char near *, long unsigned )
0001:00000fa0  void near Conv16Mto16S( char near *, char near *, long unsigned )
0001:00000fc8  void near Conv16Sto8M( char near *, char near *, long unsigned )
0001:00001010  void near Conv16Sto8S( char near *, char near *, long unsigned )
0001:0000105c  void near Conv16Sto16M( char near *, char near *, long unsigned )
0001:0000109c  void near Conv16Sto16S( char near *, char near *, long unsigned )
Module: mixer.obj(E:\DEMO\FX\BAK\050\mixer.cpp)
0002:00001cec  short unsigned near MasterVolume
0002:00001cee+ short unsigned near ChannelUsed
0002:00001cf0  short unsigned near ChannelLast
0002:00001cf4  char unsigned near ChannelActiv[]
0002:00001df4+ char unsigned near ChannelFlag[]
0002:00001ef4  short unsigned near ChannelSampleNr[]
0002:000020f4  short unsigned near ChannelVolume[]
0002:000022f4  short unsigned near ChannelPanning[]
0002:000024f4  char unsigned near ChannelSampleBits[]
0002:000025f4  char unsigned near ChannelSampleMode[]
0002:000026f4  long unsigned near ChannelSampleAdress[]
0002:00002af4  long unsigned near ChannelSampleLength[]
0002:00002ef4  char unsigned near ChannelLoopMode[]
0002:00002ff4  long unsigned near ChannelLoopBegin[]
0002:000033f4  long unsigned near ChannelLoopEnd[]
0002:000037f4  long unsigned near ChannelSamplePosition[]
0002:00003bf4  short unsigned near ChannelSampleFraction[]
0002:00003df4  long unsigned near ChannelSampleFrequence[]
0002:000041f4+ short unsigned near ChannelVolumeLeft[]
0002:000043f4+ short unsigned near ChannelVolumeRight[]
0002:000045f4+ long unsigned near DeltaSamplePosition[]
0002:000049f4+ short unsigned near DeltaSampleFraction[]
0002:00004bf4+ long unsigned near NextSamplePosition[]
0002:00004ff4+ short unsigned near NextSampleFraction[]
0002:000051f4+ char unsigned near NextChannelActiv[]
0002:000052f4+ char near * near Voltable8
0002:000052f8+ char near * near Voltable16
0002:000052fc* long unsigned near Table16Adress[]
0002:000056fc* short unsigned near Table16Volume[]
0002:000058fc* short unsigned near Table16Hits[]
0002:00005afc+ char near * near MasterVolumeTable
0001:000010d0  void near initDMAbuffer( long unsigned )
0001:000010e8  void near initMixer( short unsigned )
0001:000011c4  void near startMixer( short unsigned )
0001:00001290+ void near resetMixer()
0001:0000135c  void near closeMixer()
0001:000013cc* void near calcVol8for16( char near * )
0001:00001424* void near calcMasterVol8for16( short unsigned, char near * )
0001:000014b0+ void near calcMasterVol16for16( short unsigned, char near * )
0001:0000153c* void near MasterVol8for16( char near *, char near *, long unsigned )
0001:00001568* void near MasterVol16for16( char near *, char near *, long unsigned )
0001:00001598  void near DoMasterVolumeCalculations( char near *, char near *, long unsigned )
0001:00001640  void near set8M( char near *, char, long unsigned )
0001:00001654  void near set16M( char near *, short unsigned, long unsigned )
0001:0000166c* long unsigned near Calc_Scaling( long unsigned )
0001:000016b8+ void near PrepareMixing()
0001:000017f4  void near DoMixing( long unsigned )
0001:000019fc  void near clearMixer()
0001:00001a5c+ void near Do16Mixing( long unsigned )
0002:00000fe8+ short unsigned near ChannelSeperation
0002:00000fea+ short unsigned near GlobalVolume
0002:00000fec* short unsigned near Voltable16count
Module: mixr_asm.obj(mixr_asm.asm)
0001:00001f28  mix8Mto16S_
0001:00001fa4  setup16Mto16S_
0001:00001ee4  mix8Mto16M_
0001:00001f0c  setup8Mto16M_
0001:00001f54  setup8Mto16S_
0001:00001f74  mix16Mto16S_
Module: format.obj(E:\DEMO\FX\BAK\050\format.cpp)
0001:00001fd0  short near test_File( char near * )
0001:000020fc  short near load_Format( char near *, short unsigned )
0001:00002194  short near close_Format()
Module: dat_calc.obj(E:\DEMO\FX\BAK\050\dat_calc.cpp)
0001:00002200  short unsigned near DAT_calcSpeed( short unsigned, long unsigned )
Module: dat_wav.obj(E:\DEMO\FX\BAK\050\dat_wav.cpp)
0002:00005b08+ __iobuf near * near WAVhandle
0002:00005b0c+ char near * near WAV_Buffer
0002:00005b10+ char near * near WAV_pointer
0002:00005b14+ short unsigned near WAV_16bit
0002:00005b16+ short unsigned near WAV_stereo
0002:00005b18+ long unsigned near WAV_start
0002:00005b1c+ long unsigned near WAV_length
0002:00005b20+ long unsigned near WAV_rate
0002:00005b24+ long unsigned near WAV_playlength
0001:00002230* short near open_file_WAV( char near * )
0001:0000224c* short near close_file_WAV()
0001:00002274  short near load_WAV( char near * )
0001:000025d0  short near close_WAV()
0001:00002618+ void near play8M( long unsigned )
0001:00002774+ void near play8S( long unsigned )
0001:000028e0+ void near play16M( long unsigned )
0001:00002a4c+ void near play16S( long unsigned )
0001:00002bc4  void near interupt_WAV()
0002:00005b28+ long unsigned near WAV_played
0002:00005b2c+ long unsigned near WAV_buffer_length
0002:00005b30+ Riff_header near R_header
0002:00005b38+ Chunk_header near C_header
0002:00005b54+ Data_chunk near D_chunk
Module: dat_s3m.obj(E:\DEMO\FX\BAK\050\dat_s3m.cpp)
0002:00005b64+ __iobuf near * near S3M_handle
0002:00005b68+ char near * near S3M_Buffer
0002:00005b6c* char near * near S3M_pointer
0002:00005b70+ long unsigned near S3M_length
0002:00005b74+ S3M_struct near * near S3M_header
0002:00005b78+ short unsigned near S3M_OrderNum
0002:00005b7a+ short unsigned near S3M_InstrumentNum
0002:00005b7c+ short unsigned near S3M_PatternNum
0002:00005b80+ char near * near ChannelSets
0002:00005b84+ char near * near Orders
0002:00005b88+ char near * near DefaultPan
0002:00005b8c+ long unsigned near * near InstrumentPointer
0002:00005b90+ long unsigned near * near SamplePointer
0002:00005b94+ long unsigned near * near PatternPointer
0002:00005b98  char unsigned near S3M_RowBuffer[]
0002:00005c38  short unsigned near S3M_TickLength
0002:00005c3a  short unsigned near S3M_row
0002:00005c3c  short unsigned near S3M_jump
0002:00005c3e  short unsigned near S3M_nextrow
0002:00005c40  short unsigned near S3M_nextorder
0002:00005c42  short unsigned near S3M_tick
0002:00005c44  short unsigned near S3M_Order
0002:00005c46+ short unsigned near S3M_Pattern
0002:00005c48+ short unsigned near S3M_buffer_rest
0002:00005c4a+ short unsigned near S3M_tick_rest
0002:00005c4c+ char unsigned near S3M_flag_stereo
0002:00005c4d  char unsigned near S3M_flag_amigalimits
0002:00005c4e  char unsigned near S3M_flag_st3volslides
0002:00005c4f  char unsigned near S3M_flag_note
0002:00005c50  char unsigned near S3M_ChannelActiv[]
0002:00005c70  char unsigned near S3M_SampleNr[]
0002:00005c90+ long unsigned near S3M_SampleAdress[]
0002:00005d10+ long unsigned near S3M_SampleLength[]
0002:00005d90  long unsigned near S3M_SamplePosition[]
0002:00005e10  short unsigned near S3M_SampleFraction[]
0002:00005e50+ long unsigned near S3M_SampleLoopBegin[]
0002:00005ed0+ long unsigned near S3M_SampleLoopEnd[]
0002:00005f50  long unsigned near S3M_SampleC4SPD[]
0002:00005fd0+ char unsigned near S3M_SampleFlags[]
0002:00005ff0  char unsigned near S3M_Volume[]
0002:00006010  char unsigned near S3M_Panning[]
0002:00006030  char unsigned near S3M_Note[]
0002:00006050  char unsigned near S3M_Octave[]
0002:00006070  char unsigned near S3M_Effect[]
0002:00006090  char unsigned near S3M_EffectInfo[]
0002:000060b0  char unsigned near S3M_LastEffect[]
0002:000060d0+ char unsigned near S3M_LastEffectInfo[]
0002:000060f0  long unsigned near S3M_Periode[]
0002:00006170  long near S3M_PeriodeAdjust[]
0002:000061f0+ long unsigned near S3M_Frequence[]
0001:00002f40* short near open_file_S3M( char near * )
0001:00002f5c* short near close_file_S3M()
0001:00002f84  short near load_S3M( char near * )
0001:00003560  short near close_S3M()
0001:00003920  long unsigned near Calc_st3periode( char unsigned, char unsigned, long unsigned )
0001:00003990+ void near S3M_goRowOrder()
0001:00003ad8  void near GetNewSample( short unsigned )
0001:00003bf8  void near GetNewNote( short unsigned )
0001:00003ca8+ void near GetNewEffect()
0001:00003e30+ void near S3M_read_row()
0001:00003fb4+ void near S3M_initvariables()
0001:00004108+ void near S3M_to_Mixer()
0001:00004298* void near Mixer_to_S3M()
0001:000042fc  void near interupt_S3M()
0002:00000ff0  short unsigned near S3M_channels
0002:00000ff2+ short unsigned near LastPattern
0002:00000ff4+ short unsigned near LastRow
0002:00000ff6  char unsigned near S3M_tempo
0002:00000ff7  char unsigned near S3M_speed
0002:00000ff8  char unsigned near S3M_GlobalVolume
0002:00000ffa  short unsigned near S3M_NotePeriodes[]
0002:00001012+ short unsigned near S3M_PanningTable[]
Module: efc_s3m.obj(E:\DEMO\FX\BAK\050\efc_s3m.cpp)
0002:000063d4  long unsigned near GlissPeriode[]
0002:000064b4  short unsigned near VibratoPosition[]
0002:000064f4  short unsigned near TremorVolume[]
0001:00004588* void near S3M_Vibrato( short unsigned )
0001:000045f0* void near S3M_FineVibrato( short unsigned )
0001:000049ec* void near S3M_Tremolo( short unsigned )
0001:00004ae8  void near S3M_GlobalEffect()
0001:00004e40  void near S3M_beforeEffect()
0001:00004ff0  void near S3M_RowEffect()
0001:0000567c+ void near S3M_TickEffect()
0001:00005fcc  void near S3M_initEffects()
0002:00006614+ short near PatLoopCount
Module: dma.obj(E:\DEMO\FX\BAK\050\dma.cpp)
0002:00001234+ short unsigned near DMA_Adress[]
0002:00001244+ short unsigned near DMA_Count[]
0002:00001254+ short unsigned near DMA_Page[]
0002:00001264* short unsigned near DMA_UPage[]
0002:00001274* char unsigned near DMA_Status[]
0002:00001276* char unsigned near DMA_Command[]
0002:00001278* char unsigned near DMA_Request[]
0002:0000127a+ char unsigned near DMA_ChMask[]
0001:000060f4  char near * near DMAalloc( long unsigned, short unsigned near & )
0001:00006188  void near DMAfree( short unsigned )
0001:000061b0  void near initDMA( char unsigned, char unsigned, char near *, short unsigned )
0001:000062c4  void near stopDMA( char unsigned )
0001:000062fc  void near clearDMAmem( short unsigned, char near *, short unsigned )
0002:0000127c+ char unsigned near DMA_Mode[]
0002:0000127e+ char unsigned near DMA_FlipFlop[]
0002:00001280* char unsigned near DMA_CLR[]
0002:00001282* char unsigned near DMA_MaskCLR[]
0002:00001284* char unsigned near DMA_Mask[]
0002:00006618+ char unsigned near DMAhigh
Module: irq.obj(E:\DEMO\FX\BAK\050\irq.cpp)
0002:0000662e+ short unsigned near _ourss
0002:00006630+ short unsigned near _ourds
0002:00006632+ short unsigned near _oures
0002:00006634+ short unsigned near _ourfs
0002:00006636+ short unsigned near _ourgs
0002:00006638* short unsigned near _backss
0002:0000663a* short unsigned near _backds
0002:0000663c* short unsigned near _backes
0002:0000663e* short unsigned near _backfs
0002:00006640* short unsigned near _backgs
0002:00006644* long unsigned near _backesp
0001:0000646c  short near setNewIRQ( char unsigned, void (near *)(), char unsigned )
0001:000065b8  void near IRQClose()
0001:00006624* void near IRQReset()
0002:00001288+ short unsigned near stacklength
0002:00006648* long unsigned near _backebp
0002:0000664c+ void near * near ourstack
0002:00006650  short volatile near IRQ_counter
Module: command.obj(E:\DEMO\FX\BAK\050\command.cpp)
0001:00006660* void near strmid( char near *, char near *, int, int )
0001:00006694  short near comline( int, char near * near * )
0001:00006edc* short near check_switch( char )
0001:00006f44* void near waitkey()
0001:00006f64* void near helpline()
Module: fx.obj(E:\DEMO\FX\BAK\050\fx.cpp)
0002:00006654  short unsigned near SubCardType
0002:00006656  short unsigned near DSPVersion
0002:00006658  short unsigned near DMA
0002:0000665a* short unsigned near flag_flip
0002:0000665c  short unsigned near flag_loop
0002:0000665e* short unsigned near Option
0002:00006660  long unsigned near buffer_length
0002:00006664  short unsigned near DMAselector
0002:00006668  char near * near DMApointer
0002:0000666c  char unsigned near Mixer_Block
0002:00006670  char near * near Mixerpointer
0002:00006674  char near * near Mixerpointer1
0002:00006678  char near * near Mixerpointer2
0002:0000667c  char near * near MixerBlock
0002:00006680  long unsigned near MixerAdress
0002:00006684  short unsigned near DatType
0002:00006686  short unsigned near Last_DatType
0002:00006688  char unsigned near flag_DatReady
0001:00007084  main_
0002:0000128c  short unsigned near CardType
0002:0000128e  short unsigned near Adress
0002:00001290  short unsigned near IRQ
0002:00001292  short unsigned near DMAlo
0002:00001294  short unsigned near DMAhi
0002:00001296  short unsigned near flag_16bit
0002:00001298  short unsigned near flag_stereo
0002:0000129c  long unsigned near MixSpeed
0002:000012a0  long unsigned near block_length
0002:000012a4  short unsigned near MixerType
0002:0000668c  char near FileName[]
0002:0000678c* long near dummy
0002:00006790  long near test
Module: E:\WATCOM\lib386\dos\clib3r.lib(puts)
0001:000073d9  puts_
Module: E:\WATCOM\lib386\dos\clib3r.lib(delay386)
0001:00007406  delay_
Module: E:\WATCOM\lib386\dos\clib3r.lib(fltused)
0000:00000000  _fltused_
Module: E:\WATCOM\lib386\dos\emu387.lib(386inite)
0001:00007411* __fini_387_emulator
0001:0000740c  __init_387_emulator
Module: E:\WATCOM\lib386\dos\clib3r.lib(_8087386)
0002:000012a8  __8087
0002:000012a9  __real87
Module: E:\WATCOM\lib386\dos\clib3r.lib(nmalloc)
0001:00007416  _nmalloc_
0001:00007416  malloc_
0002:000012ac  ___nheapbeg
0002:000012b0  ___MiniHeapRover
0002:000012b4  ___LargestSizeB4MiniHeapRover
Module: E:\WATCOM\lib386\dos\clib3r.lib(nfree)
0001:000074f9  _nfree_
0001:000074f9  free_
0002:00006794  ___MiniHeapFreeRover
Module: E:\WATCOM\lib386\dos\clib3r.lib(strupr)
0001:0000757b  strupr_
0001:0000757b* _strupr_
Module: E:\WATCOM\lib386\dos\clib3r.lib(fopen)
0001:000075a0+ __open_flags_
0001:00007735+ _fsopen_
0001:0000776e  fopen_
0001:000077e0* freopen_
Module: E:\WATCOM\lib386\dos\clib3r.lib(fclose)
0001:00007822  fclose_
0001:0000784f  __shutdown_stream_
0001:00007870+ __MkTmpFile_
0001:000078d5  __doclose_
Module: E:\WATCOM\lib386\dos\clib3r.lib(fread)
0001:00007965  fread_
Module: E:\WATCOM\lib386\dos\clib3r.lib(fseek)
0001:00007b82  fseek_
Module: E:\WATCOM\lib386\dos\clib3r.lib(ftell)
0001:00007c7e  ftell_
Module: E:\WATCOM\lib386\dos\clib3r.lib(printf)
0001:00007cc0  printf_
Module: E:\WATCOM\lib386\dos\clib3r.lib(int386)
0001:00007ce2  int386_
Module: E:\WATCOM\lib386\dos\clib3r.lib(cstrt386)
0001:00000003* ___begtext
0002:00000000* __nullarea
0002:000012b8  __GDAptr
0002:000012bc  __D16Infoseg
0002:000012be  __x386_zero_base_selector
0001:00007d00  _cstart_
0001:00007f8f  __exit_
0001:00007f91  __do_exit_with_msg__
0001:00007fcc  __GETDS
0001:00007fcc  ___GETDSStart_
0001:00007fd7  ___GETDSEnd_
Module: E:\WATCOM\lib386\dos\clib3r.lib(getch)
0001:00007fd7  getch_
Module: E:\WATCOM\lib386\dos\clib3r.lib(strtol)
0001:00008157  strtoul_
0001:00008161* strtol_
Module: E:\WATCOM\lib386\dos\clib3r.lib(cputs)
0001:000081c7  cputs_
Module: E:\WATCOM\lib386\dos\clib3r.lib(system)
0001:000081dc  system_
Module: E:\WATCOM\lib386\dos\clib3r.lib(argcv386)
0002:0000134c  __argc
0002:0000134c* ___argc
0002:00001350  __argv
0002:00001350* ___argv
Module: E:\WATCOM\lib386\dos\clib3r.lib(iob)
0002:00001354  ___iob
0002:0000155c* ___tmpfnext
0002:0000155d  __fmode
0002:00006798  ___ClosedStreams
Module: E:\WATCOM\lib386\dos\clib3r.lib(fputs)
0001:0000823c  fputs_
Module: E:\WATCOM\lib386\dos\clib3r.lib(fputc)
0001:000082b7  fputc_
Module: E:\WATCOM\lib386\dos\clib3r.lib(delay)
0001:0000835b  __delay_init_
0001:0000838d  __delay_
Module: E:\WATCOM\lib386\dos\clib3r.lib(setefg)
0001:000083c3  __setEFGfmt_
Module: E:\WATCOM\lib386\math387r.lib(dosinite)
0001:000083de  __sys_init_387_emulator
0001:00008563  __sys_fini_387_emulator
Module: E:\WATCOM\lib386\dos\clib3r.lib(chk8087)
0001:00008642+ __init_8087_
0001:00008673* _fpreset_
0001:0000867d  __chk8087_
Module: E:\WATCOM\lib386\dos\clib3r.lib(crwd386)
0002:000015c4  __psp
0002:000015ef  __osmajor
0002:000015f0  __osminor
0002:000015e6  __Extender
0002:000015e7  __ExtenderSubtype
0002:000015e8  __X32VM
0002:000015c8* __x386_stacklow
0002:000015bc  __LpCmdLine
0002:000015c0  __LpPgmName
0002:000015b4  __dynend
0002:000015b8  __curbrk
0002:000015c8  __STACKLOW
0002:000015cc  __STACKTOP
0002:000015d0  __ASTACKSIZ
0002:000015d4  __ASTACKPTR
0002:000015d8  __cbyte
0002:000015dc* __cbyte2
0002:000015e0  __child
0002:000015e9  __Envptr
0002:000015ed  __Envseg
0002:000015e4  __no87
0002:000015f1  __FPE_handler
0002:000015f1  ___FPE_handler
Module: E:\WATCOM\lib386\dos\clib3r.lib(memalloc)
0001:000086c8  __MemAllocator
0001:00008770  __MemFree
Module: E:\WATCOM\lib386\dos\clib3r.lib(grownear)
0001:000088cc+ __FreeDPMIBlocks_
0001:00008928* __ReAllocDPMIBlock_
0001:00008a9b+ __LastFree_
0001:00008c6c  __ExpandDGROUP_
Module: E:\WATCOM\lib386\dos\clib3r.lib(nmemneed)
0001:00008e35  __nmemneed_
Module: E:\WATCOM\lib386\dos\clib3r.lib(heapmod)
0002:000067a0  ___nheap_clean
0002:000067a1* ___fheap_clean
Module: E:\WATCOM\lib386\dos\clib3r.lib(tolower)
0001:00008e38  tolower_
0001:00008e38* _tolower_
Module: E:\WATCOM\lib386\dos\clib3r.lib(seterrno)
0001:00008e46  __set_EDOM_
0001:00008e4b  __set_errno_
0001:00008e57  __set_ERANGE_
0001:00008e5e* __set_EINVAL_
0001:00008e6e  __set_doserrno_
Module: E:\WATCOM\lib386\dos\clib3r.lib(open)
0001:00008e7a* open_
0001:00008e9e  sopen_
0001:00009087* __set_binary_
Module: E:\WATCOM\lib386\dos\clib3r.lib(allocfp)
0001:000090ec  __allocfp_
0001:00009192  __freefp_
0001:000091cb  __purgefp_
Module: E:\WATCOM\lib386\dos\clib3r.lib(chktty)
0001:000091e9  __chktty_
Module: E:\WATCOM\lib386\dos\clib3r.lib(stinit)
0002:000067a4  ___OpenStreams
Module: E:\WATCOM\lib386\dos\clib3r.lib(gtpid)
0001:0000921a  getpid_
Module: E:\WATCOM\lib386\dos\clib3r.lib(flush)
0001:00009220  __flush_
Module: E:\WATCOM\lib386\dos\clib3r.lib(lseek)
0001:000092f9  lseek_
0001:000092f9* _lseek_
Module: E:\WATCOM\lib386\dos\clib3r.lib(_clse)
0001:0000933c  __close_
Module: E:\WATCOM\lib386\dos\clib3r.lib(remove)
0001:00009371  remove_
Module: E:\WATCOM\lib386\dos\clib3r.lib(ioalloc)
0001:00009376  __ioalloc_
Module: E:\WATCOM\lib386\dos\clib3r.lib(qread)
0001:000093ed  __qread_
Module: E:\WATCOM\lib386\dos\clib3r.lib(fgetc)
0001:0000940c* fgetc_
0001:00009495+ __filbuf_
0001:000094c4  __fill_buffer_
Module: E:\WATCOM\lib386\dos\clib3r.lib(tell)
0001:00009570  tell_
Module: E:\WATCOM\lib386\dos\clib3r.lib(fflush)
0001:00009581  fflush_
Module: E:\WATCOM\lib386\dos\clib3r.lib(fprtf)
0001:000095a2  __fprtf_
Module: E:\WATCOM\lib386\dos\clib3r.lib(segread)
0001:00009621  segread_
Module: E:\WATCOM\lib386\dos\clib3r.lib(intx386)
0001:00009649  int386x_
Module: E:\WATCOM\lib386\dos\clib3r.lib(cmain386)
0001:00009662  __CMain
Module: E:\WATCOM\lib386\dos\clib3r.lib(inirt386)
0001:000096b2  __InitRtns
0001:000096fd  __FiniRtns
Module: E:\WATCOM\lib386\dos\clib3r.lib(seg386)
0000:00001234  __DOSseg__
Module: E:\WATCOM\lib386\dos\clib3r.lib(istable)
0002:00000e50  __IsTable
Module: E:\WATCOM\lib386\dos\clib3r.lib(putch)
0001:0000974c  putch_
Module: E:\WATCOM\lib386\dos\clib3r.lib(getenv)
0001:0000975b  getenv_
Module: E:\WATCOM\lib386\dos\clib3r.lib(spve)
0001:000097bc  __Slash_C_
0001:00009834  spawnve_
Module: E:\WATCOM\lib386\dos\clib3r.lib(splp)
0001:00009b47  spawnlp_
Module: E:\WATCOM\lib386\dos\clib3r.lib(initargv)
0001:00009b5d  __Init_Argv_
Module: E:\WATCOM\lib386\dos\clib3r.lib(efgfmt)
0001:00009d2d  _EFG_Format_
Module: E:\WATCOM\lib386\math387r.lib(cnvs2d)
0001:00009e76  __cnvs2d_
Module: E:\WATCOM\lib386\dos\clib3r.lib(noefgfmt)
0002:000015f8  ___EFG_printf
0002:000015fc  ___EFG_scanf
Module: E:\WATCOM\lib386\dos\emu387.lib(emu387)
0001:0000a234* __int7_X32VM
0001:0000a280  __int7
0001:0000a210  __int7_pl3
Module: E:\WATCOM\lib386\dos\clib3r.lib(hook387)
0001:0000d0be  __hook387
0001:0000d192  __unhook387
Module: E:\WATCOM\lib386\dos\clib3r.lib(8087cw)
0002:00001680  __8087cw
Module: E:\WATCOM\lib386\dos\clib3r.lib(save8087)
0002:00001684  ___Save8087
0002:00001688  ___Rest8087
Module: E:\WATCOM\lib386\dos\clib3r.lib(ini87386)
0001:0000d1ec  __init_80x87
Module: E:\WATCOM\lib386\dos\clib3r.lib(minreal)
0002:00006828  ___minreal
Module: E:\WATCOM\lib386\dos\clib3r.lib(heapen)
0001:0000d213* _heapenable_
0002:0000168c  ___heap_enabled
Module: E:\WATCOM\lib386\dos\clib3r.lib(sbrk386)
0001:0000d223* sbrk_
0001:0000d2eb  __brk_
Module: E:\WATCOM\lib386\dos\clib3r.lib(amblksiz)
0002:00001690  __amblksiz
Module: E:\WATCOM\lib386\dos\clib3r.lib(errno)
0001:0000d3b6  __get_errno_ptr_
0001:0000d3bc  __get_doserrno_ptr_
0002:0000682c  _errno
0002:00006830+ __doserrno
Module: E:\WATCOM\lib386\dos\clib3r.lib(isatt)
0001:0000d3c2  isatty_
Module: E:\WATCOM\lib386\dos\clib3r.lib(dosret)
0001:0000d3e9* _dosret0_
0001:0000d3f0  _dosretax_
0001:0000d3f4  __set_errno_dos_
Module: E:\WATCOM\lib386\dos\clib3r.lib(umaskval)
0002:000016a8  ___umaskval
Module: E:\WATCOM\lib386\dos\clib3r.lib(iomode)
0001:0000d465  __IOMode_
0001:0000d4ba  __SetIOMode_
0002:000016ac+ ___NFiles
0002:000016b0+ ___init_mode
0002:00001700+ __iomode
Module: E:\WATCOM\lib386\dos\clib3r.lib(set386)
0001:0000d4d0  memset_
Module: E:\WATCOM\lib386\dos\clib3r.lib(initfile)
0001:0000d4e8  __InitFiles_
Module: E:\WATCOM\lib386\dos\clib3r.lib(ioexit)
0001:0000d55f  __full_io_exit_
0001:0000d56b* fcloseall_
Module: E:\WATCOM\lib386\dos\clib3r.lib(qwrit)
0001:0000d5c8  __qwrite_
Module: E:\WATCOM\lib386\dos\clib3r.lib(unlnk)
0001:0000d63c  unlink_
Module: E:\WATCOM\lib386\dos\clib3r.lib(flushall)
0001:0000d65d  flushall_
0001:0000d662  __flushall_
Module: E:\WATCOM\lib386\dos\clib3r.lib(gtche)
0001:0000d691  getche_
Module: E:\WATCOM\lib386\dos\clib3r.lib(prtf)
0001:0000d6ae  __prtf_
Module: E:\WATCOM\lib386\dos\clib3r.lib(intxa386)
0001:0000e28c  __int386x_
0001:0000e2e9  _DoINTR_
Module: E:\WATCOM\lib386\dos\clib3r.lib(stack386)
0001:0000e66a  stackavail_
Module: E:\WATCOM\lib386\dos\clib3r.lib(cinit)
0001:0000e673  __CommonInit_
Module: E:\WATCOM\lib386\dos\clib3r.lib(___argc)
0002:00006834  ____Argc
0002:00006838  ____Argv
Module: E:\WATCOM\lib386\dos\clib3r.lib(exit)
0001:0000e6dc  __null_int23_exit_
0001:0000e6dd  exit_
0001:0000e6f5+ _exit_
0002:00001704+ ___atexit
0002:00001708  ___int23_exit
0002:0000170c  ___FPE_handler_exit
Module: E:\WATCOM\lib386\dos\clib3r.lib(environ)
0002:00001710  _environ
0002:00001714  ___env_mask
Module: E:\WATCOM\lib386\dos\clib3r.lib(strnicmp)
0001:0000e70c  strnicmp_
0001:0000e70c* _strnicmp_
Module: E:\WATCOM\lib386\dos\clib3r.lib(find386)
0001:0000e760  _dos_findfirst_
0001:0000e77d* _dos_findnext_
0001:0000e799* _dos_findclose_
Module: E:\WATCOM\lib386\dos\clib3r.lib(cenvarg)
0001:0000e7f1  __cenvarg_
0001:0000e929  __ccmdline_
Module: E:\WATCOM\lib386\dos\clib3r.lib(spawn386)
0001:0000e97c  __dospawn
Module: E:\WATCOM\lib386\dos\clib3r.lib(stk386)
0001:0000ea65* __STK
0001:0000ea52  __CHK
0001:0000ea62* __GRO
0001:0000ea83* __STKOVERFLOW_
Module: E:\WATCOM\lib386\dos\clib3r.lib(strlen)
0001:0000ea92  strlen_
Module: E:\WATCOM\lib386\dos\clib3r.lib(split2)
0001:0000eafd  _splitpath2_
Module: E:\WATCOM\lib386\dos\clib3r.lib(makepath)
0001:0000ebec  _makepath_
Module: E:\WATCOM\lib386\dos\clib3r.lib(stricmp)
0001:0000edd7  stricmp_
0001:0000edd7* _stricmp_
0001:0000edd7* strcmpi_
Module: E:\WATCOM\lib386\dos\clib3r.lib(spl)
0001:0000ee1e  spawnl_
Module: E:\WATCOM\lib386\dos\clib3r.lib(spvp)
0001:0000ee3c  spawnvp_
Module: E:\WATCOM\lib386\dos\clib3r.lib(histsplt)
0002:0000683c  ___historical_splitparms
Module: E:\WATCOM\lib386\math387r.lib(ftos)
0001:0000ee4a* _SetMaxPrec_
0001:0000efc7  _FtoS_
Module: E:\WATCOM\lib386\math387r.lib(strtod)
0001:0000f201  strtod_
Module: E:\WATCOM\lib386\dos\clib3r.lib(xmsg)
0001:0000f3f4* __exit_with_msg_
0001:0000f3f9  __fatal_runtime_error_
Module: E:\WATCOM\lib386\dos\clib3r.lib(d_setvec)
0001:0000f416  _dos_setvect_
Module: E:\WATCOM\lib386\dos\clib3r.lib(__stos)
0001:0000f450  __STOSB
0001:0000f487* __STOSD
Module: E:\WATCOM\lib386\dos\clib3r.lib(itoa)
0001:0000f518+ utoa_
0001:0000f562  itoa_
0001:0000f562* _itoa_
Module: E:\WATCOM\lib386\dos\clib3r.lib(ltoa)
0001:0000f5a2  ultoa_
0001:0000f5ec  ltoa_
0001:0000f5ec* _ltoa_
Module: E:\WATCOM\lib386\dos\clib3r.lib(toupper)
0001:0000f607  toupper_
0001:0000f607* _toupper_
Module: E:\WATCOM\lib386\dos\clib3r.lib(sigsy)
0001:0000f722  __DPMI_hosted_
0001:0000f7b6  __restore_int23_
0001:0000f96c  __restore_int_ctrl_break_
0001:0000f9a4  __grab_int23_
0001:0000fabf  __grab_int_ctrl_break_
Module: E:\WATCOM\lib386\dos\clib3r.lib(setenvp)
0001:0000fbda  __setenvp_
Module: E:\WATCOM\lib386\dos\clib3r.lib(error386)
0001:0000fcae  __doserror_
Module: E:\WATCOM\lib386\dos\clib3r.lib(strcpy)
0001:0000fcc1  strcpy_
Module: E:\WATCOM\lib386\dos\clib3r.lib(mbncnt)
0001:0000fce0  _mbsnccnt_
0001:0000fd1e  _mbsnbcnt_
0001:0000fd4f  _mbsninc_
0001:0000fd68* __mbsninc_
Module: E:\WATCOM\lib386\dos\clib3r.lib(mbscat)
0001:0000fdad* _mbscat_
0001:0000fdfe* _mbscpy_
0001:0000fe1d* _mbsdup_
0001:0000fe5e* _mbsncat_
0001:0000febb* _mbsnbcat_
0001:0000ffad  _mbsncpy_
0001:0000ffcc+ _mbsnbcpy_
Module: E:\WATCOM\lib386\dos\clib3r.lib(mbconv)
0001:00010080  _mbptov_
0001:000100be* _mbvtop_
0001:000100d8  __mbvtop_
Module: E:\WATCOM\lib386\dos\clib3r.lib(isdbcs)
0002:00001774  ___IsDBCS
Module: E:\WATCOM\lib386\dos\clib3r.lib(mbtype)
0002:00001778  ___MBCSIsTable
Module: E:\WATCOM\lib386\dos\clib3r.lib(mbsinc)
0001:00010247  _mbgetcode_
0001:000102b4* _mbsnextc_
0001:00010306* _mbsinc_
0001:0001034c  _mbsdec_
Module: E:\WATCOM\lib386\dos\clib3r.lib(spvpe)
0001:000103d2  spawnvpe_
Module: E:\WATCOM\lib386\math387r.lib(nan_inf)
0001:00010522  __Nan_Inf_
Module: E:\WATCOM\lib386\math387r.lib(log387)
0001:000105ff* log_
0001:00010617* log2_
0001:0001060b* log10_
0001:000105b4* IF@LOG
0001:000105b4* IF@DLOG
0001:000105f7* IF@LOG2
0001:000105f7* IF@DLOG2
0001:000105fb* IF@LOG10
0001:000105fb  IF@DLOG10
Module: E:\WATCOM\lib386\math387r.lib(floor)
0001:00010623  floor_
Module: E:\WATCOM\lib386\math387r.lib(fchop)
0001:00010660  __CHP
Module: E:\WATCOM\lib386\math387r.lib(scale)
0001:0001067d+ _Scale_
0001:000106be  _Scale10V_
Module: E:\WATCOM\lib386\math387r.lib(cvt)
0001:000107db  __cvt_
Module: E:\WATCOM\lib386\dos\clib3r.lib(amodf386)
0001:000109b8* __ModF
0001:00010a48  __ZBuf2F
Module: E:\WATCOM\lib386\dos\clib3r.lib(hugeval)
0002:00000f74  __HugeValue
Module: E:\WATCOM\lib386\dos\clib3r.lib(enterdb)
0001:00010ae4  __EnterWVIDEO_
0002:0000187c+ ___WD_Present
Module: E:\WATCOM\lib386\dos\clib3r.lib(signl)
0001:00010b0a+ __sigabort_
0001:00010b14  __sigfpe_handler_
0001:00010b49* signal_
0001:00010bfe  raise_
Module: E:\WATCOM\lib386\dos\clib3r.lib(chint386)
0001:00010cc0  _chain_intr_
Module: E:\WATCOM\lib386\dos\clib3r.lib(d_getvec)
0001:00010cd9  _dos_getvect_
Module: E:\WATCOM\lib386\dos\clib3r.lib(strncat)
0001:00010d0b  strncat_
Module: E:\WATCOM\lib386\dos\clib3r.lib(strncpy)
0001:00010d4a  strncpy_
Module: E:\WATCOM\lib386\dos\clib3r.lib(intr)
0001:00010d6f  intr_
Module: E:\WATCOM\lib386\dos\clib3r.lib(inirmsel)
0002:00006c44  __ExtenderRealModeSelector
0002:00001b98* ___DPMI_real_mode_fini
0002:00001b80* ___DPMI_real_mode_init
Module: E:\WATCOM\lib386\dos\clib3r.lib(strchr)
0001:00010e90  strchr_
Module: E:\WATCOM\lib386\dos\clib3r.lib(memcpy)
0001:00010ea4  memcpy_
Module: E:\WATCOM\lib386\math387r.lib(log87e)
0001:00010ec9  __log87_err_
Module: E:\WATCOM\lib386\math387r.lib(modf387)
0001:00010f06  modf_
Module: E:\WATCOM\lib386\math387r.lib(i64ts386)
0001:00010f20  __CmpBigInt
0001:00010f5a  __Rnd2Int
0001:00010fc5  __Bin2String
Module: E:\WATCOM\lib386\math387r.lib(fpow10)
0002:00000f7c  __BigPow10Table
Module: E:\WATCOM\lib386\dos\clib3r.lib(chipvar)
0002:000018b4  ___chipbug
0002:000018b4  __chipbug
Module: E:\WATCOM\lib386\dos\clib3r.lib(chipd32)
0001:000111ff* __fdiv_fpr
0001:000116c1* __fdiv_chk
0001:000116d4* __fdiv_m32
0001:00011720  __fdiv_m64
0001:0001176c* __fdiv_m32r
0001:000117b8* __fdiv_m64r
Module: E:\WATCOM\lib386\math387r.lib(frexp)
0001:00011804  frexp_
Module: E:\WATCOM\lib386\dos\clib3r.lib(abort)
0001:00011873* abort_
0001:00011879  __terminate_
0002:000018b8  ___abort
Module: E:\WATCOM\lib386\math387r.lib(grabfpe)
0001:0001188b  __grab_fpe_
Module: E:\WATCOM\lib386\math387r.lib(math2err)
0001:00011890  __math1err_
0001:0001189a+ __math2err_
Module: E:\WATCOM\lib386\dos\clib3r.lib(chipbug)
0001:00011975  verify_pentium_fdiv_bug_
Module: E:\WATCOM\lib386\dos\clib3r.lib(grabfp87)
0001:000119ca  __GrabFP87_
Module: E:\WATCOM\lib386\math387r.lib(_matherr)
0001:000119fb* _set_matherr_
0001:00011a01+ __rterrmsg_
0001:00011a49  _matherr_
0002:00001918+ __RWD_matherr
Module: E:\WATCOM\lib386\dos\clib3r.lib(fpe387)
0002:0000191c  ___PMSeg
0002:0000191e  ___PMAddr
0002:00001922  ___RMAddr
0001:00011a78  __Init_FPE_handler_
0001:00011ad5  __Fini_FPE_handler_
Module: E:\WATCOM\lib386\dos\clib3r.lib(fpeinth)
0001:00011b32  __Enable_FPE_
0001:00011b47  __FPEHandler_
0001:00011b54  __FPE2Handler_
Module: E:\WATCOM\lib386\math387r.lib(__mtherr)
0001:00011d92  __matherr
Module: E:\WATCOM\lib386\dos\clib3r.lib(iobaddr)
0001:00011d97  __get_std_stream_
Module: E:\WATCOM\lib386\dos\clib3r.lib(fpephar)
0001:00011db6  __Phar_hook_init_
0001:00011e79  __Phar_hook_fini_
Module: E:\WATCOM\lib386\dos\clib3r.lib(fpedos4g)
0001:00011ea6  __DOS4G_hook_init_
0001:00011ed3  __DOS4G_hook_fini_
Module: E:\WATCOM\lib386\dos\clib3r.lib(fpeergo)
0001:00011eec  __Ergo_hook_init_
0001:00011f2a  __Ergo_hook_fini_
Module: E:\WATCOM\lib386\dos\clib3r.lib(fpeintel)
0001:00011f44  __Intel_hook_init_
0001:00011f9c  __Intel_hook_fini_
Module: E:\WATCOM\lib386\math387r.lib(matherr)
0001:00011f9d  matherr_
Module: E:\WATCOM\lib386\dos\clib3r.lib(fpeint)
0002:00001b44  ___FPE_int
0002:00001b45  ___IRQ_num
0002:00001b46+ ___IRQ_int
0002:00001b47  ___MST_pic
0002:00001b48* ___SLV_pic


                        +----------------------+
                        |   Imported Symbols   |
                        +----------------------+

Symbol                              Module
======                              ======



                        +--------------------+
                        |   Libraries Used   |
                        +--------------------+

E:\WATCOM\lib386\math387r.lib
E:\WATCOM\lib386\dos\emu387.lib
E:\WATCOM\lib386\dos\clib3r.lib


                        +-----------------------+
                        |   Linker Statistics   |
                        +-----------------------+

Stack size:  1000 (4096.)
Memory size:  00019bf0 (105456.)
Entry point address: 0001:00007d00
Link time: 00:01.32
