WATCOM Linker Version 11.0
Copyright by Sybase, Inc., and its subsidiaries, 1985, 1997.
Created on:       01/09/16 13:36:37
Executable Image: fx.exe
creating a PMODE/W executable


                        +------------+
                        |   Groups   |
                        +------------+

Group                           Address              Size
=====                           =======              ====

DGROUP                          0002:00000000        0000d670



                        +--------------+
                        |   Segments   |
                        +--------------+

Segment                Class          Group          Address         Size
=======                =====          =====          =======         ====

BEGTEXT                CODE           AUTO           0001:00000000   00000010
_TEXT                  CODE           AUTO           0001:00000010   00015a78
_NULL                  BEGDATA        DGROUP         0002:00000000   00000004
_AFTERNULL             BEGDATA        DGROUP         0002:00000004   00000000
CONST                  DATA           DGROUP         0002:00000004   000012e8
CONST2                 DATA           DGROUP         0002:000012ec   00000008
_DATA                  DATA           DGROUP         0002:00001300   00003789
XIB                    DATA           DGROUP         0002:00004a8a   00000000
XI                     DATA           DGROUP         0002:00004a8a   0000004e
XIE                    DATA           DGROUP         0002:00004ad8   00000000
YIB                    DATA           DGROUP         0002:00004ad8   00000000
YI                     DATA           DGROUP         0002:00004ad8   0000000c
YIE                    DATA           DGROUP         0002:00004ae4   00000000
TIB                    DATA           DGROUP         0002:00004ae4   00000000
TI                     DATA           DGROUP         0002:00004ae4   00000000
TIE                    DATA           DGROUP         0002:00004ae4   00000000
DATA                   DATA           DGROUP         0002:00004ae4   00000000
_BSS                   BSS            DGROUP         0002:00004af0   00007b80
STACK                  STACK          DGROUP         0002:0000c670   00001000


                        +----------------+
                        |   Memory Map   |
                        +----------------+

* = unreferenced symbol
+ = symbol only referenced locally

Address        Symbol
=======        ======

Module: device.obj(D:\DEMO\FX\device.cpp)
0001:00000038  void near writeCard()
0001:000001e4  long near checkCard( long unsigned, long unsigned )
0001:00000234  long near initCard()
0001:00000394  void near startCard( long unsigned, long unsigned )
0001:00000488  void near stopCard()
0001:000004d4  void near clearCard()
0001:00000548+ void near PlainInterupt()
Module: dev_sb.obj(D:\DEMO\FX\dev_sb.cpp)
0001:00000654+ char unsigned near reset_SB( long unsigned )
0001:000006a8  long unsigned near getDSPversion()
0001:0000073c  long unsigned near checkSB( long unsigned )
0001:000008e4  void near initSB( long unsigned )
0001:00000914  void near closeSB()
0001:00000950  long unsigned near setMixSB1( long unsigned )
0001:000009ec  void near setLengthSB1( long unsigned )
0001:00000a90  void near startSB1()
0001:00000abc  void near stopSB1()
0001:00000b10  long unsigned near setMixSB2( long unsigned )
0001:00000b84  void near setLengthSB2( long unsigned )
0001:00000c1c  void near startSB2()
0001:00000c9c  void near stopSB2()
0001:00000cf0  long unsigned near setMixSBpro( long unsigned )
0001:00000dc8  void near setLengthSBpro( long unsigned )
0001:00000e6c  void near startSBpro()
0001:00000f28  void near stopSBpro()
0001:00000f7c  void near setMixSB16( long unsigned )
0001:00001010  void near startSB16( long unsigned, char unsigned, char unsigned )
0001:00001114  void near stopSB16()
0001:00001194  void near interrupt_SB()
Module: dev_wss.obj(D:\DEMO\FX\dev_wss.cpp)
0001:000011f8  long unsigned near checkWSS( long unsigned )
0001:00001238  void near initWSS( long unsigned )
0001:00001370  void near closeWSS()
0001:00001400  long unsigned near setMixWSS( long unsigned )
0001:00001490  void near setLengthWSS( long unsigned )
0001:000014d8  void near startWSS()
0001:000014f4  void near stopWSS()
0001:00001548  void near interrupt_WSS()
Module: convert.obj(D:\DEMO\FX\convert.cpp)
0001:00001560  void near ConvU8MtoS8M( char near *, long unsigned )
0001:00001580  void near ConvU16MtoS16M( char near *, long unsigned )
0001:0000159c* void near Conv8Mto8M( char near *, char near *, long unsigned )
0001:000015b8* void near Conv8Mto8S( char near *, char near *, long unsigned )
0001:000015d8* void near Conv8Mto16M( char near *, char near *, long unsigned )
0001:000015fc* void near Conv8Mto16S( char near *, char near *, long unsigned )
0001:00001624* void near Conv8Sto8M( char near *, char near *, long unsigned )
0001:00001658* void near Conv8Sto8S( char near *, char near *, long unsigned )
0001:00001678* void near Conv8Sto16M( char near *, char near *, long unsigned )
0001:000016b8* void near Conv8Sto16S( char near *, char near *, long unsigned )
0001:000016e8* void near Conv16Mto8M( char near *, char near *, long unsigned )
0001:0000171c* void near Conv16Mto8S( char near *, char near *, long unsigned )
0001:00001754* void near Conv16Mto16M( char near *, char near *, long unsigned )
0001:0000177c* void near Conv16Mto16S( char near *, char near *, long unsigned )
0001:000017a8* void near Conv16Sto8M( char near *, char near *, long unsigned )
0001:000017f0* void near Conv16Sto8S( char near *, char near *, long unsigned )
0001:0000183c* void near Conv16Sto16M( char near *, char near *, long unsigned )
0001:0000187c* void near Conv16Sto16S( char near *, char near *, long unsigned )
Module: amptable.obj(D:\DEMO\FX\amptable.cpp)
0001:000018b0  void near calcVol8for16( char near * )
0001:00001930  void near calcVol8for32( char near * )
0001:00001984  void near calcMasterVol8for16( long unsigned, char near * )
0001:00001d54  void near calcMasterVol16for16( long unsigned, char near * )
0001:000020d8  void near calcMasterVolume32( long unsigned, char near * )
0001:000021dc  void near DoMasterVolumeCalculations( char near *, char near *, long unsigned )
0002:00004b0c  char near * near Voltable8
0002:00004b10  char near * near MasterVolumeTable
Module: mixer.obj(D:\DEMO\FX\mixer.cpp)
0002:00004c44  long unsigned near MasterVolume
0002:00004c48+ long unsigned near ChannelUsed
0002:00004c4c  long unsigned near ChannelLast
0002:00004c50  long unsigned near ChannelActiv[]
0002:00005050+ long unsigned near ChannelFlag[]
0002:00005450  long unsigned near ChannelSampleNr[]
0002:00005850  long unsigned near ChannelVolume[]
0002:00005c50  long unsigned near ChannelPanning[]
0002:00006050  long unsigned near ChannelSampleBits[]
0002:00006450  long unsigned near ChannelSampleMode[]
0002:00006850  long unsigned near ChannelSampleAddress[]
0002:00006c50  long unsigned near ChannelSampleLength[]
0002:00007050  long unsigned near ChannelLoopMode[]
0002:00007450  long unsigned near ChannelLoopBegin[]
0002:00007850  long unsigned near ChannelLoopEnd[]
0002:00007c50  long unsigned near ChannelSamplePosition[]
0002:00008050  long unsigned near ChannelSampleFraction[]
0002:00008450  long unsigned near ChannelSampleFrequence[]
0002:00008850* long near ChannelLastValueLeft[]
0002:00008c50* long near ChannelLastValueRight[]
0002:00009050+ long unsigned near ChannelVolumeLeft[]
0002:00009450+ long unsigned near ChannelVolumeRight[]
0002:00009850+ long near DeltaSamplePosition[]
0002:00009c50+ long near DeltaSampleFraction[]
0002:0000a050+ long unsigned near NextSamplePosition[]
0002:0000a450+ long unsigned near NextSampleFraction[]
0002:0000a850+ long unsigned near NextChannelActiv[]
0001:000024f0  void near writeMixer()
0001:00002564  void near initDMAbuffer( long unsigned )
0001:0000257c  void near initMixer( long unsigned )
0001:00002630  void near startMixer( long unsigned )
0001:000026f0+ void near resetMixer()
0001:0000279c  void near closeMixer()
0001:00002800+ long unsigned near Calc_Scaling( long unsigned )
0001:00002840+ void near PrepareMixing()
0001:00002978  void near DoPreMixing( long unsigned )
0001:00002c14  void near clearMixer()
0001:00002c84+ void near DoMixing( long unsigned )
0002:00001340+ long unsigned near ChannelSeperation
0002:00001344+ long unsigned near GlobalVolume
0002:0000ac50+ void (near * near MixRealChannel)( long unsigned, long unsigned, long unsigned )
0002:0000ac54+ void (near * near MixRealIChannel)( long unsigned, long unsigned, long unsigned )
0002:0000ac58+ void (near * near MixRealICarry)( long unsigned, long unsigned, long unsigned, long unsigned, long unsigned )
Module: mixr_16n.obj(mixr_16n.asm)
0001:00004664  setup16Mto16M_
0001:00004680  mix8Mto16S_
0001:00004708  setup16Mto16S_
0001:000045f4  mix8Mto16M_
0001:000047d4  setup16MIto16M_
0001:00004840  setup8MIto16S_
0001:0000461c  setup8Mto16M_
0001:00004864  mix16MIto16S_
0001:0000478c  mix16MIto16M_
0001:00004770  setup8MIto16M_
0001:000046b0  setup8Mto16S_
0001:000048b8  setup16MIto16S_
0001:000047f0  mix8MIto16S_
0001:0000472c  mix8MIto16M_
0001:00004638  mix16Mto16M_
0001:000046d4  mix16Mto16S_
Module: mixr_32n.obj(mixr_32n.asm)
0001:00004920  mix16Mto32M_
0001:000049c4  mix16Mto32S_
0001:00004948  setup16Mto32M_
0001:00004964  mix8Mto32S_
0001:000049f8  setup16Mto32S_
0001:000048dc  mix8Mto32M_
0001:00004904  setup8Mto32M_
0001:00004998  setup8Mto32S_
Module: mixr_32i.obj(mixr_32i.asm)
0001:00004ae0  mix8MIto32S_
0001:00004a24  mix8MIto32M_
0001:00004ac4  setup16MIto32M_
0001:00004b30  setup8MIto32S_
0001:00004b5c  mix16MIto32S_
0001:00004a80  mix16MIto32M_
0001:00004a64  setup8MIto32M_
0001:00004bb0  setup16MIto32S_
Module: format.obj(D:\DEMO\FX\format.cpp)
0001:00004be0  long near test_File( char near * )
0001:00004d30  long near load_Format( char near *, long unsigned )
0001:00004da4  long near close_Format()
0001:00004e14  long near FF_Format()
0001:00004e78  long near FR_Format()
Module: dat_calc.obj(D:\DEMO\FX\dat_calc.cpp)
0001:00004ee0  long unsigned near DAT_calcSpeed( long unsigned, long unsigned )
0002:0000ac60  long unsigned volatile near Division
0002:0000ac64  long unsigned volatile near Div_Fraction
Module: dat_wav.obj(D:\DEMO\FX\dat_wav.cpp)
0002:0000aca8+ __iobuf near * near WAV_handle
0001:00004f10+ long near open_file_WAV( char near * )
0001:00004f30+ long near close_file_WAV()
0001:00004f58  long near load_WAV( char near * )
0001:00005308  long near close_WAV()
0001:00005334+ void near WAV_MixI16m( char near *, char near *, long unsigned, long unsigned )
0001:00005530+ void near WAV_MixI16s( char near *, char near *, long unsigned, long unsigned )
0001:00005714+ void near WAV_MixI32m( char near *, char near *, long unsigned, long unsigned )
0001:000058e8+ void near WAV_MixI32s( char near *, char near *, long unsigned, long unsigned )
0001:00005a80+ void near WAV_MixI( long unsigned, long unsigned, long unsigned )
0001:00005b8c  void near interrupt_WAV()
0001:00005c90  void near FF_WAV()
0001:00005cc0  void near FR_WAV()
0002:0000ace4+ Riff_header near R_header
0002:0000acec+ Chunk_header near C_header
0002:0000ad08+ Data_chunk near D_chunk
Module: dat_s3m.obj(D:\DEMO\FX\dat_s3m.cpp)
0002:0000ad6c+ __iobuf near * near S3M_handle
0002:0000ad70+ char near * near S3M_Buffer
0002:0000ad74+ long unsigned near S3M_length
0002:0000ad78+ S3M_struct near * near S3M_header
0002:0000ad7c+ long unsigned near S3M_OrderNum
0002:0000ad80+ long unsigned near S3M_InstrumentNum
0002:0000ad84+ long unsigned near S3M_PatternNum
0002:0000ad94+ char unsigned near * near ChannelSets
0002:0000ad98+ char unsigned near * near S3M_Orderlist
0002:0000ad9c+ char unsigned near * near DefaultPan
0002:0000ada0  char unsigned near S3M_RowBuffer[]
0002:0000ae40  long unsigned near S3M_TickLength
0002:0000ae44  long unsigned near S3M_row
0002:0000ae48  long unsigned near S3M_jump
0002:0000ae4c  long unsigned near S3M_nextrow
0002:0000ae50  long unsigned near S3M_nextorder
0002:0000ae54  long unsigned near S3M_tick
0002:0000ae58  long unsigned near S3M_Order
0002:0000ae5c+ long unsigned near S3M_Pattern
0002:0000ae60+ long unsigned near S3M_buffer_rest
0002:0000ae64+ long unsigned near S3M_tick_rest
0002:0000ae68+ char unsigned near S3M_flag_stereo
0002:0000ae69  char unsigned near S3M_flag_amigalimits
0002:0000ae6a  char unsigned near S3M_flag_st3volslides
0002:0000ae6b  char unsigned near S3M_flag_note
0002:0000ae70  char unsigned near S3M_ChannelActiv[]
0002:0000ae90  char unsigned near S3M_SampleNr[]
0002:0000aeb0+ long unsigned near S3M_SampleAddress[]
0002:0000af30+ long unsigned near S3M_SampleLength[]
0002:0000afb0  long unsigned near S3M_SamplePosition[]
0002:0000b030  long unsigned near S3M_SampleFraction[]
0002:0000b0b0+ long unsigned near S3M_SampleLoopBegin[]
0002:0000b130+ long unsigned near S3M_SampleLoopEnd[]
0002:0000b1b0  long unsigned near S3M_SampleC4SPD[]
0002:0000b230+ char unsigned near S3M_SampleFlags[]
0002:0000b250  char unsigned near S3M_Volume[]
0002:0000b270  char unsigned near S3M_Panning[]
0002:0000b290  char unsigned near S3M_Note[]
0002:0000b2b0  char unsigned near S3M_Octave[]
0002:0000b2d0  char unsigned near S3M_Effect[]
0002:0000b2f0  char unsigned near S3M_EffectInfo[]
0002:0000b310  char unsigned near S3M_LastEffect[]
0002:0000b330+ char unsigned near S3M_LastEffectInfo[]
0002:0000b350  long unsigned near S3M_Periode[]
0002:0000b3d0  long near S3M_PeriodeAdjust[]
0002:00001348  long unsigned near S3M_channels
0002:0000134c+ long unsigned near S3M_LastPattern
0002:00001350+ long unsigned near S3M_LastRow
0002:00001354  char unsigned near S3M_tempo
0002:00001355  char unsigned near S3M_speed
0002:00001356  char unsigned near S3M_GlobalVolume
0002:00001358  long unsigned near S3M_NotePeriodes[]
0002:0000b450+ long unsigned near S3M_Frequence[]
0001:00005d58  long near load_S3M( char near * )
0001:00006484  long near close_S3M()
0001:000068c4  long unsigned near Calc_st3periode( long unsigned, long unsigned, long unsigned )
0001:00006938+ void near S3M_goRowOrder()
0001:00006a84  void near S3M_GetNewSample( long unsigned )
0001:00006bbc  void near S3M_GetNewNote( long unsigned )
0001:00006c48+ void near S3M_GetNewEffect()
0001:00006e1c+ void near S3M_read_row()
0001:00006ff8+ void near S3M_initvariables()
0001:00007120+ void near S3M_to_Mixer()
0001:000072dc+ void near Mixer_to_S3M()
0001:0000733c  void near interrupt_S3M()
0001:00007478  void near FF_S3M()
0001:00007494  void near FR_S3M()
Module: efc_s3m.obj(D:\DEMO\FX\efc_s3m.cpp)
0002:0000b690  long unsigned near S3M_GlissPeriode[]
0002:0000b770  short unsigned near S3M_VibratoPosition[]
0002:0000b7b0  short unsigned near S3M_TremorVolume[]
0001:00007570+ void near S3M_Vibrato( long unsigned )
0001:000075d8+ void near S3M_FineVibrato( long unsigned )
0001:00007998+ void near S3M_Tremolo( long unsigned )
0001:00007a70  void near S3M_GlobalEffect()
0001:00007e4c  void near S3M_beforeEffect()
0001:00008030  void near S3M_RowEffect()
0001:000087ec  void near S3M_TickEffect()
0001:000090b0  void near S3M_initEffects()
0002:0000b8d0+ long near PatLoopCount
Module: dat_669.obj(D:\DEMO\FX\dat_669.cpp)
0002:0000b934+ __iobuf near * near _669_handle
0002:0000b94c+ long unsigned near _669_samples
0002:0000b950+ long unsigned near _669_patterns
0002:0000b954+ char unsigned near _669_OrderNum
0002:0000b958+ char unsigned near * near _669_Orderlist
0002:0000b95c+ char unsigned near * near _669_Speedlist
0002:0000b960+ char unsigned near * near _669_Breaklist
0002:0000b968  char unsigned near _669_RowBuffer[]
0002:0000b990+ long unsigned near _669_TickLength
0002:0000b994+ long unsigned near _669_row
0002:0000b998+ long unsigned near _669_jump
0002:0000b99c+ long unsigned near _669_tick
0002:0000b9a0+ long unsigned near _669_Order
0002:0000b9a4+ long unsigned near _669_Pattern
0002:0000b9a8+ long unsigned near _669_buffer_rest
0002:0000b9ac+ long unsigned near _669_tick_rest
0002:0000b9b0+ char unsigned near _669_ChannelActiv[]
0002:0000b9b8+ char unsigned near _669_SampleNr[]
0002:0000b9c0+ long unsigned near _669_SampleAddress[]
0002:0000b9e0+ long unsigned near _669_SampleLength[]
0002:0000ba00+ long unsigned near _669_SamplePosition[]
0002:0000ba20+ long unsigned near _669_SampleFraction[]
0002:0000ba40+ char unsigned near _669_SampleLoop[]
0002:0000ba48+ long unsigned near _669_SampleLoopBegin[]
0002:0000ba68+ long unsigned near _669_SampleLoopEnd[]
0002:0000ba88  long unsigned near _669_SampleFinetune[]
0002:0000baa8+ char unsigned near _669_Volume[]
0002:0000bab0+ char unsigned near _669_Panning[]
0002:0000bab8+ char unsigned near _669_Note[]
0002:0000bac0  char unsigned near _669_Effect[]
0002:0000bac8  char unsigned near _669_EffectInfo[]
0001:00009198  long near load_669( char near * )
0001:00009600  long near close_669()
0001:00009698+ void near _669_initvariables()
0001:000099bc+ long unsigned near Calc_669periode( long unsigned, long unsigned )
0001:00009a04+ void near _669_goRowOrder()
0001:00009a94+ void near _669_GetNewSample( long unsigned )
0001:00009b50+ void near _669_GetNewNote( long unsigned )
0001:00009bd8+ void near _669_GetNewEffect()
0001:00009c9c+ void near _669_read_row()
0001:00009e14+ void near _669_to_Mixer()
0001:00009f54+ void near Mixer_to_669()
0001:00009fb0  void near interrupt_669()
0001:0000a0ec  void near FF_669()
0001:0000a114  void near FR_669()
0002:000015c8+ long unsigned near _669_LastPattern
0002:000015cc+ long unsigned near _669_LastRow
0002:000015d0+ char unsigned near _669_tempo
0002:000015d1  char unsigned near _669_speed
0002:000015d4  long unsigned near _669_Periodes[][72]
0002:0000bad0+ char unsigned near _669_LastEffect[]
0002:0000bad8+ char unsigned near _669_LastEffectInfo[]
0002:0000bae0  long unsigned near _669_Periode[]
0002:0000bb00  long near _669_PeriodeAdjust[]
0002:0000bb20+ long unsigned near _669_Frequence[]
Module: efc_669.obj(D:\DEMO\FX\efc_669.cpp)
0002:0000bbb0  long unsigned near _669_GlissPeriode[]
0002:0000bbd0  char unsigned near _669_GlissFlag[]
0002:0000bbe0  short unsigned near _669_VibratoPosition[]
0001:0000a168+ void near _669_MVibrato( long unsigned )
0001:0000a1c0  void near _669_GlobalEffect()
0001:0000a21c  void near _669_beforeEffect()
0001:0000a2d0  void near _669_RowEffect()
0001:0000a3f4  void near _669_TickEffect()
0001:0000a558  void near _669_initEffects()
Module: dat_mod.obj(D:\DEMO\FX\dat_mod.cpp)
0002:0000bc34+ __iobuf near * near MOD_handle
0002:0000bc4c+ long unsigned near MOD_patterns
0002:0000bc50+ char unsigned near MOD_OrderNum
0002:0000bc54+ char unsigned near * near MOD_Orderlist
0002:0000bc58  char unsigned near MOD_RowBuffer[]
0002:0000bc80  long unsigned near MOD_TickLength
0002:0000bc84  long unsigned near MOD_row
0002:0000bc88  long unsigned near MOD_jump
0002:0000bc8c  long unsigned near MOD_nextrow
0002:0000bc90  long unsigned near MOD_nextorder
0002:0000bc94  long unsigned near MOD_tick
0002:0000bc98  long unsigned near MOD_Order
0002:0000bc9c+ long unsigned near MOD_Pattern
0002:0000bca0+ long unsigned near MOD_buffer_rest
0002:0000bca4+ long unsigned near MOD_tick_rest
0002:0000bca8  char unsigned near MOD_flag_amigalimits
0002:0000bca9  char unsigned near MOD_flag_note
0002:0000bcb0  char unsigned near MOD_ChannelActiv[]
0002:0000bcb8  char unsigned near MOD_SampleNr[]
0002:0000bcc0+ long unsigned near MOD_SampleAddress[]
0002:0000bce0  long unsigned near MOD_SampleLength[]
0002:0000bd00  long unsigned near MOD_SamplePosition[]
0002:0000bd20  long unsigned near MOD_SampleFraction[]
0002:0000bd40+ char unsigned near MOD_SampleLoop[]
0002:0000bd48+ long unsigned near MOD_SampleLoopBegin[]
0002:0000bd68+ long unsigned near MOD_SampleLoopEnd[]
0002:0000bd88  long unsigned near MOD_SampleFinetune[]
0002:0000bda8  char unsigned near MOD_Volume[]
0002:0000bdb0  char unsigned near MOD_Panning[]
0002:0000bdb8  char unsigned near MOD_Note[]
0002:0000bdc0  char unsigned near MOD_Effect[]
0001:0000a614  long near load_MOD( char near * )
0001:0000ac94  long near close_MOD()
0001:0000ad2c+ void near MOD_initvariables()
0001:0000b088  long unsigned near Calc_AMIGAperiode( long unsigned, long unsigned )
0001:0000b0cc+ void near MOD_goRowOrder()
0001:0000b1c4  void near MOD_GetNewSample( long unsigned )
0001:0000b2dc  void near MOD_GetNewNote( long unsigned )
0001:0000b35c+ void near MOD_GetNewEffect()
0001:0000b49c+ void near MOD_read_row()
0001:0000b600+ void near MOD_to_Mixer()
0001:0000b748+ void near Mixer_to_MOD()
0001:0000b7a0  void near interrupt_MOD()
0001:0000b8dc  void near FF_MOD()
0001:0000b8f8  void near FR_MOD()
0002:000028c8  long unsigned near MOD_channels
0002:000028cc+ long unsigned near MOD_samples
0002:000028d0+ long unsigned near MOD_LastPattern
0002:000028d4+ long unsigned near MOD_LastRow
0002:000028d8  char unsigned near MOD_tempo
0002:000028d9  char unsigned near MOD_speed
0002:000028dc  long unsigned near MOD_Periodes[][84]
0002:0000bdc8  char unsigned near MOD_EffectInfo[]
0002:0000bdd0  char unsigned near MOD_LastEffect[]
0002:0000bdd8  char unsigned near MOD_LastEffectInfo[]
0002:0000bde0  long unsigned near MOD_Periode[]
0002:0000be00  long near MOD_PeriodeAdjust[]
0002:0000be20+ long unsigned near MOD_Frequence[]
Module: efc_mod.obj(D:\DEMO\FX\efc_mod.cpp)
0002:0000bee0  long unsigned near MOD_GlissPeriode[]
0002:0000bf18  short unsigned near MOD_VibratoPosition[]
0002:0000bf30  short unsigned near MOD_TremoloVolume[]
0001:0000b9cc+ void near MOD_MVibrato( long unsigned )
0001:0000ba60+ void near MOD_MTremolo( long unsigned )
0001:0000bb00  void near MOD_GlobalEffect()
0001:0000be00  void near MOD_beforeEffect()
0001:0000bfcc  void near MOD_RowEffect()
0001:0000c5e0  void near MOD_TickEffect()
0001:0000cc64  void near MOD_initEffects()
Module: dma.obj(D:\DEMO\FX\dma.cpp)
0002:00003fdc+ short unsigned near DMA_Address[]
0002:00003fec+ short unsigned near DMA_Count[]
0002:00003ffc+ short unsigned near DMA_Page[]
0002:0000400c* short unsigned near DMA_UPage[]
0002:0000401c* char unsigned near DMA_Status[]
0002:0000401e* char unsigned near DMA_Command[]
0002:00004020* char unsigned near DMA_Request[]
0002:00004022+ char unsigned near DMA_ChMask[]
0001:0000cd68  char near * near DMAalloc( long unsigned, short unsigned near & )
0001:0000cde8  void near DMAfree( short unsigned )
0001:0000ce10  void near initDMA( char unsigned, char unsigned, char near *, long unsigned )
0001:0000cf00  void near stopDMA( char unsigned )
0001:0000cf28  void near clearDMAmem( long unsigned, char near *, long unsigned )
0002:00004024+ char unsigned near DMA_Mode[]
0002:00004026+ char unsigned near DMA_FlipFlop[]
0002:00004028* char unsigned near DMA_CLR[]
0002:0000402a* char unsigned near DMA_MaskCLR[]
0002:0000402c* char unsigned near DMA_Mask[]
Module: irq.obj(D:\DEMO\FX\irq.cpp)
0002:0000bf74  long volatile near IRQ_counter
0001:0000d0bc  long near setNewIRQ( char unsigned, void (near *)(), char unsigned )
0001:0000d1ec  void near IRQClose()
0001:0000d234* void near IRQReset()
Module: command.obj(D:\DEMO\FX\command.cpp)
0001:0000d270* void near strmid( char near *, char near *, int, int )
0001:0000d2a8  short near comline( int, char near * near * )
0001:0000d7e0* short near check_switch( char )
0001:0000d86c+ void near waitkey()
0001:0000d88c* void near helpline()
Module: keyctrl.obj(D:\DEMO\FX\keyctrl.cpp)
0001:0000da00  long near getkey()
Module: fx.obj(D:\DEMO\FX\fx.cpp)
0002:00004034  long unsigned near CardType
0002:00004038  long unsigned near Address
0002:0000403c  long unsigned near IRQ
0002:00004040  long unsigned near DMAlo
0002:00004044  long unsigned near DMAhi
0002:00004048  long unsigned near flag_16bit
0002:0000404c  long unsigned near flag_stereo
0002:00004050  long unsigned near flag_signed
0002:00004054  long unsigned near MixSpeed
0002:00004058  long unsigned near flag_interpolate
0002:0000bf90  long unsigned near SubCardType
0002:0000bf94  long unsigned near DSPVersion
0002:0000bf98  long unsigned near DMA
0002:0000bf9c* long unsigned near flag_flip
0002:0000bfa0  long unsigned near flag_loop
0002:0000bfa4* long unsigned near flag_precalc
0002:0000bfa8  long unsigned near buffer_length
0002:0000bfac  short unsigned near DMAselector
0002:0000bfb0  char near * near DMApointer
0002:0000bfb4  long unsigned near flag_MixerReady
0002:0000bfb8  long unsigned near Mixer_Block
0002:0000bfbc  char near * near Mixerpointer
0002:0000bfc0  char near * near Mixerpointer1
0002:0000bfc4  char near * near Mixerpointer2
0002:0000bfc8  char near * near MixerBlock
0002:0000bfcc  long unsigned near Mixer_length
0002:0000bfd0  long unsigned near MixerAddress
0001:0000dac0  main_
0002:0000405c  long unsigned near flag_softclip
0002:00004060  long unsigned near block_length
0002:00004064  long unsigned near MixerType
0002:0000bfd4  long unsigned near DatType
0002:0000bfd8  long unsigned near Last_DatType
0002:0000bfdc  long unsigned near flag_DatReady
0002:0000bfe0  char near FileName[]
0002:0000c0e0+ long near test
Module: D:\WATCOM\lib386\dos\clib3r.lib(printf)
0001:0000dcbf  printf_
Module: D:\WATCOM\lib386\dos\clib3r.lib(puts)
0001:0000dce1  puts_
Module: D:\WATCOM\lib386\dos\clib3r.lib(delay)
0001:0000dd0e+ __delay_init_
0001:0000ddb3  delay_
Module: D:\WATCOM\lib386\dos\clib3r.lib(fltused)
0002:0000406c  _fltused_
Module: D:\WATCOM\lib386\plib3r.lib(iofefg)
0002:00004a96  __ppfltused_
Module: D:\WATCOM\lib386\dos\clib3r.lib(01h)
0002:00004070  __8087
0002:00004071  __real87
Module: D:\WATCOM\lib386\math387r.lib(fchop)
0001:0000de38  __CHP
Module: D:\WATCOM\lib386\dos\clib3r.lib(nmalloc)
0001:0000de55  _nmalloc_
0001:0000de55  malloc_
0002:00004074  ___nheapbeg
0002:00004078  ___MiniHeapRover
0002:0000407c  ___LargestSizeB4MiniHeapRover
Module: D:\WATCOM\lib386\dos\clib3r.lib(nfree)
0001:0000df36  _nfree_
0001:0000df36  free_
0002:0000c0e4  ___MiniHeapFreeRover
Module: D:\WATCOM\lib386\dos\clib3r.lib(i8m)
0001:0000e032  __I8M
0001:0000e032* __U8M
Module: D:\WATCOM\lib386\dos\clib3r.lib(i8d)
0001:0000e04e  __I8D
0001:0000e0a3  __U8D
Module: D:\WATCOM\lib386\dos\clib3r.lib(strupr)
0001:0000e131  strupr_
Module: D:\WATCOM\lib386\dos\clib3r.lib(fopen)
0001:0000e14f+ __open_flags_
0001:0000e346+ _fsopen_
0001:0000e38a  fopen_
0001:0000e3fc* freopen_
Module: D:\WATCOM\lib386\dos\clib3r.lib(fclose)
0001:0000e44d  fclose_
0001:0000e47a  __shutdown_stream_
0001:0000e49b  __MkTmpFile_
0001:0000e545  __doclose_
Module: D:\WATCOM\lib386\dos\clib3r.lib(fread)
0001:0000e5e3  fread_
Module: D:\WATCOM\lib386\dos\clib3r.lib(fseek)
0001:0000e819  fseek_
Module: D:\WATCOM\lib386\dos\clib3r.lib(ftell)
0001:0000e928  ftell_
Module: D:\WATCOM\lib386\dos\clib3r.lib(int386)
0001:0000e96b  int386_
Module: D:\WATCOM\lib386\dos\clib3r.lib(cstart)
0001:00000003* ___begtext
0002:00000000* __nullarea
0002:00004080* __GDAptr
0002:00004084* __D16Infoseg
0002:00004086  __x386_zero_base_selector
0001:0000e988  _cstart_
0001:0000ec17  __exit_
0001:0000ec19  __do_exit_with_msg__
0001:0000ec54  __GETDS
0001:0000ec54  ___GETDSStart_
0001:0000ec5f  ___GETDSEnd_
Module: D:\WATCOM\lib386\plib3r.lib(opnewarr)
0001:0000ec5f  void near * near operator new []( int unsigned )
Module: D:\WATCOM\lib386\dos\clib3r.lib(d_getvec)
0001:0000ec64  _dos_getvect_
Module: D:\WATCOM\lib386\dos\clib3r.lib(d_setvec)
0001:0000ec94  _dos_setvect_
Module: D:\WATCOM\lib386\plib3r.lib(opdel)
0001:0000ecbf  void near operator delete( void near * )
Module: D:\WATCOM\lib386\dos\clib3r.lib(strtol)
0001:0000ee07  strtoul_
0001:0000ee11* strtol_
Module: D:\WATCOM\lib386\dos\clib3r.lib(getch)
0001:0000ee6a  getch_
Module: D:\WATCOM\lib386\dos\clib3r.lib(system)
0001:0000ee87  system_
Module: D:\WATCOM\lib386\dos\clib3r.lib(kbhit)
0001:0000eee7  kbhit_
Module: D:\WATCOM\lib386\dos\clib3r.lib(argcv)
0002:0000c0e8  __argc
0002:0000c0ec  __argv
0002:0000c0f0  ___argc
0002:0000c0f4  ___argv
Module: D:\WATCOM\lib386\plib3r.lib(fsroot)
0002:00004aa8  ___wcpp_4_data_init_fs_root_
Module: D:\WATCOM\lib386\dos\clib3r.lib(iob)
0002:00004114  ___iob
0002:0000431c  ___tmpfnext
0002:0000431d  __fmode
0002:0000c0f8  ___OpenStreams
0002:0000c0fc  ___ClosedStreams
Module: D:\WATCOM\lib386\dos\clib3r.lib(fprtf)
0001:0000ef17  __fprtf_
Module: D:\WATCOM\lib386\dos\clib3r.lib(fputs)
0001:0000efbc  fputs_
Module: D:\WATCOM\lib386\dos\clib3r.lib(fputc)
0001:0000f040  fputc_
Module: D:\WATCOM\lib386\dos\clib3r.lib(nonibm)
0001:0000f103  __is_nonIBM_
0002:00004324  ___NonIBM
Module: D:\WATCOM\lib386\dos\clib3r.lib(setefg)
0001:0000f15b  __setEFGfmt_
Module: D:\WATCOM\lib386\plib3r.lib(iofnoefg)
0002:00004328  void (near * near __EFG_cnvs2d)( char near *, double near * )
0002:0000432c  int (near * near __EFG_cnvd2f)( double near *, float near * )
0002:00004330  void (near * near __EFG_LDcvt)( __6ks9tmlong_double near *, cvt_info near *, char near * )
0002:00004334  char near * (near * near __EFG_fcvt)( double, int, int near *, int near * )
Module: D:\WATCOM\lib386\math387r.lib(cnvs2d)
0001:0000f188  __cnvs2d_
Module: D:\WATCOM\lib386\math387r.lib(cnvd2f)
0001:0000f196  __cnvd2f_
Module: D:\WATCOM\lib386\math387r.lib(ldcvt)
0001:0000f2e8  _LDScale10x_
0001:0000f342  __LDcvt_
Module: D:\WATCOM\lib386\math387r.lib(_i_fcvt_)
0001:0000fcf8  _fcvt_
Module: D:\WATCOM\lib386\dos\clib3r.lib(chk8087)
0001:0000fd06+ __init_8087_
0001:0000fd37* _fpreset_
0001:0000fd41  __chk8087_
Module: D:\WATCOM\lib386\dos\clib3r.lib(crwdata)
0002:000043d4  __psp
0002:000043ff  __osmajor
0002:00004400  __osminor
0002:000043f6  __Extender
0002:000043f7  __ExtenderSubtype
0002:000043f8  __X32VM
0002:000043d8* __x386_stacklow
0002:000043cc  __LpCmdLine
0002:000043d0  __LpPgmName
0002:000043c4  __dynend
0002:000043c8  __curbrk
0002:000043d8  __STACKLOW
0002:000043dc  __STACKTOP
0002:000043e0  __ASTACKSIZ
0002:000043e4  __ASTACKPTR
0002:000043e8  __cbyte
0002:000043ec* __cbyte2
0002:000043f0  __child
0002:000043f9  __Envptr
0002:000043fd  __Envseg
0002:000043f4  __no87
0002:00004401  __FPE_handler
0002:00004401  ___FPE_handler
Module: D:\WATCOM\lib386\dos\clib3r.lib(mem)
0001:0000fd90  __MemAllocator
0001:0000fe40  __MemFree
Module: D:\WATCOM\lib386\dos\clib3r.lib(grownear)
0001:0000ffdb+ __FreeDPMIBlocks_
0001:00010037* __ReAllocDPMIBlock_
0001:000101a2+ __LastFree_
0001:0001036f  __ExpandDGROUP_
Module: D:\WATCOM\lib386\dos\clib3r.lib(nmemneed)
0001:00010530  __nmemneed_
Module: D:\WATCOM\lib386\dos\clib3r.lib(heapmod)
0002:0000c100  ___nheap_clean
0002:0000c101* ___fheap_clean
Module: D:\WATCOM\lib386\dos\clib3r.lib(comtflag)
0001:00010533* __set_commode_
0002:00004408  __commode
Module: D:\WATCOM\lib386\dos\clib3r.lib(seterrno)
0001:0001053e  __set_errno_
0001:0001054a* __set_EDOM_
0001:00010551  __set_ERANGE_
0001:00010558* __set_EINVAL_
0001:00010568  __set_doserrno_
Module: D:\WATCOM\lib386\dos\clib3r.lib(tolower)
0001:00010574  tolower_
Module: D:\WATCOM\lib386\dos\clib3r.lib(open)
0001:00010582* open_
0001:000105a6  sopen_
0001:000107e4* __set_binary_
Module: D:\WATCOM\lib386\dos\clib3r.lib(allocfp)
0001:00010849  __allocfp_
0001:000108f2  __freefp_
0001:0001092b  __purgefp_
Module: D:\WATCOM\lib386\dos\clib3r.lib(chktty)
0001:00010949  __chktty_
Module: D:\WATCOM\lib386\dos\clib3r.lib(gtpid)
0001:0001097a  getpid_
Module: D:\WATCOM\lib386\dos\clib3r.lib(tmpfl)
0001:00010980* tmpfile_
0001:00010a73  __GetTmpPath_
Module: D:\WATCOM\lib386\dos\clib3r.lib(flush)
0001:00010b3b  __flush_
Module: D:\WATCOM\lib386\dos\clib3r.lib(lseek)
0001:00010c39  lseek_
Module: D:\WATCOM\lib386\dos\clib3r.lib(_clse)
0001:00010c9e  __close_
Module: D:\WATCOM\lib386\dos\clib3r.lib(remove)
0001:00010cd3  remove_
Module: D:\WATCOM\lib386\dos\clib3r.lib(ioalloc)
0001:00010cd8  __ioalloc_
Module: D:\WATCOM\lib386\dos\clib3r.lib(qread)
0001:00010d5f  __qread_
Module: D:\WATCOM\lib386\dos\clib3r.lib(fgetc)
0001:00010d7e* fgetc_
0001:00010e26+ __filbuf_
0001:00010e55  __fill_buffer_
Module: D:\WATCOM\lib386\dos\clib3r.lib(tell)
0001:00010f09  tell_
Module: D:\WATCOM\lib386\dos\clib3r.lib(fflush)
0001:00010f1a  fflush_
Module: D:\WATCOM\lib386\dos\clib3r.lib(segread)
0001:00010f2a  segread_
Module: D:\WATCOM\lib386\dos\clib3r.lib(intx386)
0001:00010f52  int386x_
Module: D:\WATCOM\lib386\dos\clib3r.lib(cmain386)
0001:00010f6b  __CMain
Module: D:\WATCOM\lib386\dos\clib3r.lib(initrtns)
0001:00010fd4  __InitRtns
0001:00011020  __FiniRtns
Module: D:\WATCOM\lib386\dos\clib3r.lib(dosseg)
0000:00001234  __DOSseg__
Module: D:\WATCOM\lib386\plib3r.lib(opnew)
0001:00011072  void near * near operator new( int unsigned )
Module: D:\WATCOM\lib386\dos\clib3r.lib(istable)
0002:000044b0  __IsTable
Module: D:\WATCOM\lib386\dos\clib3r.lib(getenv)
0001:000110b4  getenv_
Module: D:\WATCOM\lib386\dos\clib3r.lib(_slashc)
0001:0001110e  __Slash_C_
Module: D:\WATCOM\lib386\dos\clib3r.lib(splp)
0001:00011134  spawnlp_
Module: D:\WATCOM\lib386\dos\clib3r.lib(initargv)
0001:0001114a  __Init_Argv_
Module: D:\WATCOM\lib386\plib3r.lib(cppdata)
0002:0000c104  __wint_thread_data
0002:0000c128* __compiled_under_generic
Module: D:\WATCOM\lib386\dos\clib3r.lib(initfile)
0001:00011329  __InitFiles_
Module: D:\WATCOM\lib386\dos\clib3r.lib(ioexit)
0001:000113bb  __full_io_exit_
0001:000113c7* fcloseall_
Module: D:\WATCOM\lib386\dos\clib3r.lib(prtf)
0001:00011424  __prtf_
Module: D:\WATCOM\lib386\dos\clib3r.lib(inirmsel)
0002:0000c12c  __ExtenderRealModeSelector
Module: D:\WATCOM\lib386\math387r.lib(efgfmt)
0001:000121b2  _EFG_Format_
Module: D:\WATCOM\lib386\dos\clib3r.lib(noefgfmt)
0002:000045b4  ___EFG_printf
0002:000045b8  ___EFG_scanf
Module: D:\WATCOM\lib386\dos\clib3r.lib(xmsg)
0001:000122d8* __exit_with_msg_
0001:000122dd  __fatal_runtime_error_
Module: D:\WATCOM\lib386\math387r.lib(strtod)
0001:000122fa+ __Strtold_
0001:0001248e  strtod_
Module: D:\WATCOM\lib386\math387r.lib(ldclass)
0001:0001250d  __LDClass_
Module: D:\WATCOM\lib386\dos\clib3r.lib(memset)
0001:0001255d  memset_
Module: D:\WATCOM\lib386\math387r.lib(efcvt)
0001:000125ad* ecvt_
0001:000125e6  fcvt_
Module: D:\WATCOM\lib386\dos\clib3r.lib(save8087)
0002:000045bc  ___Save8087
0002:000045c0  ___Rest8087
Module: D:\WATCOM\lib386\dos\clib3r.lib(8087cw)
0002:000045c4  __8087cw
Module: D:\WATCOM\lib386\dos\clib3r.lib(init8087)
0001:0001261a  __init_80x87
Module: D:\WATCOM\lib386\dos\clib3r.lib(minreal)
0002:0000c130  ___minreal
Module: D:\WATCOM\lib386\dos\clib3r.lib(heapen)
0001:00012641* _heapenable_
0002:000045c8  ___heap_enabled
Module: D:\WATCOM\lib386\dos\clib3r.lib(sbrk386)
0001:00012651* sbrk_
0001:00012711  __brk_
Module: D:\WATCOM\lib386\dos\clib3r.lib(amblksiz)
0002:000045cc  __amblksiz
Module: D:\WATCOM\lib386\dos\clib3r.lib(errno)
0001:000127d6  __get_errno_ptr_
0001:000127dc  __get_doserrno_ptr_
0002:0000c134  _errno
0002:0000c138+ __doserrno
Module: D:\WATCOM\lib386\dos\clib3r.lib(iomode)
0001:000127e2  __IOMode_
0001:00012837  __SetIOMode_
0002:000045d0  ___NFiles
0002:000045d4+ ___init_mode
0002:00004624+ __iomode
Module: D:\WATCOM\lib386\dos\clib3r.lib(isatt)
0001:00012858  isatty_
Module: D:\WATCOM\lib386\dos\clib3r.lib(dosret)
0001:00012876  _dosret0_
0001:0001287d  _dosretax_
0001:00012881  __set_errno_dos_
Module: D:\WATCOM\lib386\dos\clib3r.lib(umaskval)
0002:0000463c  ___umaskval
Module: D:\WATCOM\lib386\dos\clib3r.lib(accss)
0001:000128e5  access_
Module: D:\WATCOM\lib386\dos\clib3r.lib(renam)
0001:00012920  rename_
Module: D:\WATCOM\lib386\dos\clib3r.lib(fullpath)
0001:0001294e  _fullpath_
Module: D:\WATCOM\lib386\dos\clib3r.lib(gtcwd)
0001:00012c1d  getcwd_
Module: D:\WATCOM\lib386\dos\clib3r.lib(qwrit)
0001:00012cad  __qwrite_
Module: D:\WATCOM\lib386\dos\clib3r.lib(fsync)
0001:00012d21  fsync_
Module: D:\WATCOM\lib386\dos\clib3r.lib(unlnk)
0001:00012d26  unlink_
Module: D:\WATCOM\lib386\dos\clib3r.lib(flushall)
0001:00012d47  flushall_
0001:00012d4c  __flushall_
Module: D:\WATCOM\lib386\dos\clib3r.lib(gtche)
0001:00012d7b  getche_
Module: D:\WATCOM\lib386\dos\clib3r.lib(int386xa)
0001:00012d98  __int386x_
0001:00012df5  _DoINTR_
Module: D:\WATCOM\lib386\dos\clib3r.lib(stack386)
0001:00013176  stackavail_
Module: D:\WATCOM\lib386\dos\clib3r.lib(stk)
0001:0001319b* __STK
0001:00013188  __CHK
0001:00013198  __GRO
0001:000131b9* __STKOVERFLOW_
Module: D:\WATCOM\lib386\dos\clib3r.lib(cinit)
0001:000131c8  __CommonInit_
Module: D:\WATCOM\lib386\dos\clib3r.lib(___argc)
0002:0000c13c  ____Argc
0002:0000c140  ____Argv
Module: D:\WATCOM\lib386\dos\clib3r.lib(exit)
0001:00013223  __null_int23_exit_
0001:00013224  exit_
0001:00013247+ _exit_
0002:00004654  ___int23_exit
0002:00004658  ___FPE_handler_exit
Module: D:\WATCOM\lib386\dos\clib3r.lib(sgdef086)
0002:00004a8a  __Start_XI
0002:00004ad8  __End_XI
0002:00004ad8  __Start_YI
0002:00004ae4  __End_YI
Module: D:\WATCOM\lib386\dos\clib3r.lib(environ)
0002:0000c144  ___env_mask
0002:0000c148  _environ
0002:0000c14c* __wenviron
Module: D:\WATCOM\lib386\dos\clib3r.lib(mbsnicmp)
0001:0001325e  _mbsnicmp_
Module: D:\WATCOM\lib386\dos\clib3r.lib(spvp)
0001:000132d0  spawnvp_
Module: D:\WATCOM\lib386\dos\clib3r.lib(histsplt)
0002:0000c150  ___historical_splitparms
Module: D:\WATCOM\lib386\dos\clib3r.lib(wctomb)
0001:000132de  wctomb_
Module: D:\WATCOM\lib386\dos\clib3r.lib(itoa)
0001:0001330a+ utoa_
0001:00013353  itoa_
Module: D:\WATCOM\lib386\dos\clib3r.lib(lltoa)
0001:0001336e  __clib_ulltoa_
0001:00013405* __clib_lltoa_
Module: D:\WATCOM\lib386\dos\clib3r.lib(ltoa)
0001:0001345b  ultoa_
0001:000134a4* ltoa_
Module: D:\WATCOM\lib386\dos\clib3r.lib(mbisdbcs)
0002:0000c154  ___IsDBCS
Module: D:\WATCOM\lib386\dos\clib3r.lib(mbislead)
0001:000134bf* _ismbblead_
0002:0000c158  ___MBCSIsTable
Module: D:\WATCOM\lib386\dos\clib3r.lib(toupper)
0001:000134d4  toupper_
Module: D:\WATCOM\lib386\dos\clib3r.lib(enterdb)
0001:000134e2  __EnterWVIDEO_
0002:000046d4+ ___WD_Present
Module: D:\WATCOM\lib386\dos\clib3r.lib(bufld386)
0001:00013508  __ZBuf2LD
Module: D:\WATCOM\lib386\dos\clib3r.lib(hugeval)
0002:000012ec  __HugeValue
Module: D:\WATCOM\lib386\dos\clib3r.lib(__stos)
0001:000135b0  __STOSB
0001:000135e7* __STOSD
Module: D:\WATCOM\lib386\dos\clib3r.lib(cvtbuf)
0001:00013653  __CVTBuffer_
Module: D:\WATCOM\lib386\math387r.lib(cvt)
0001:00013659  __cvt_
Module: D:\WATCOM\lib386\dos\clib3r.lib(strncpy)
0001:000136de  strncpy_
Module: D:\WATCOM\lib386\dos\clib3r.lib(dosfile)
0001:00013704* _dos_close_
0001:00013713  _dos_commit_
0001:00013723* _dos_open_
Module: D:\WATCOM\lib386\dos\clib3r.lib(sigsy)
0001:0001383f  __DPMI_hosted_
0001:000138ca  __restore_int23_
0001:00013abf  __restore_int_ctrl_break_
0001:00013ae0  __grab_int23_
0001:00013c28  __grab_int_ctrl_break_
Module: D:\WATCOM\lib386\dos\clib3r.lib(setenvp)
0001:00013d9e  __setenvp_
Module: D:\WATCOM\lib386\dos\clib3r.lib(mbterm)
0001:00013e72  _mbterm_
Module: D:\WATCOM\lib386\dos\clib3r.lib(mbcicmp)
0001:00013eae  _mbcicmp_
Module: D:\WATCOM\lib386\dos\clib3r.lib(mbsinc)
0001:00013f05  _mbsinc_
Module: D:\WATCOM\lib386\dos\clib3r.lib(spvpe)
0001:00013f32  spawnvpe_
Module: D:\WATCOM\lib386\dos\clib3r.lib(mbinit)
0001:00014076  __mbinit_
0001:000141bd+ dos_get_dbcs_lead_table_
0001:000142bf+ dos_get_code_page_
0002:000046f4  ___MBCodePage
Module: D:\WATCOM\lib386\dos\clib3r.lib(doserror)
0001:00014424  __doserror_
Module: D:\WATCOM\lib386\dos\clib3r.lib(signl)
0001:00014437+ __sigabort_
0001:00014441  __sigfpe_handler_
0001:00014478* signal_
0001:00014553  raise_
Module: D:\WATCOM\lib386\dos\clib3r.lib(chainint)
0001:00014606  _chain_intr_
Module: D:\WATCOM\lib386\dos\clib3r.lib(mbccpy)
0001:0001461f  _mbccpy_
Module: D:\WATCOM\lib386\dos\clib3r.lib(mbclen)
0001:00014650  _mbclen_
Module: D:\WATCOM\lib386\dos\clib3r.lib(mbsupr)
0001:0001467b  _mbsupr_
Module: D:\WATCOM\lib386\dos\clib3r.lib(mbccmp)
0001:000146ca  _mbccmp_
Module: D:\WATCOM\lib386\dos\clib3r.lib(spve)
0001:00014774  spawnve_
Module: D:\WATCOM\lib386\dos\clib3r.lib(strlen)
0001:00014a85  strlen_
Module: D:\WATCOM\lib386\dos\clib3r.lib(strchr)
0001:00014a9e  strchr_
Module: D:\WATCOM\lib386\dos\clib3r.lib(memcpy)
0001:00014ab2  memcpy_
Module: D:\WATCOM\lib386\dos\clib3r.lib(intr)
0001:00014ad7  intr_
Module: D:\WATCOM\lib386\dos\clib3r.lib(abort)
0001:00014adc* abort_
0001:00014ae2  __terminate_
0002:0000472c  ___abort
Module: D:\WATCOM\lib386\dos\clib3r.lib(cntrl87)
0001:00014af4  _control87_
Module: D:\WATCOM\lib386\math387r.lib(grabfpe)
0001:00014b40  __grab_fpe_
Module: D:\WATCOM\lib386\dos\clib3r.lib(mbsnextc)
0001:00014b45  _mbsnextc_
Module: D:\WATCOM\lib386\dos\clib3r.lib(mbcupper)
0001:00014b80  _mbctoupper_
Module: D:\WATCOM\lib386\dos\clib3r.lib(mbconv)
0001:00014c15  _mbvtop_
Module: D:\WATCOM\lib386\dos\clib3r.lib(dosfind)
0001:00014c30  _dos_findfirst_
0001:00014c4d* _dos_findnext_
0001:00014c69* _dos_findclose_
Module: D:\WATCOM\lib386\dos\clib3r.lib(cenvarg)
0001:00014cc1  __cenvarg_
0001:00014df9  __ccmdline_
Module: D:\WATCOM\lib386\dos\clib3r.lib(dospawn)
0001:00014e4c  __dospawn
Module: D:\WATCOM\lib386\dos\clib3r.lib(split2)
0001:00014f6c  _splitpath2_
Module: D:\WATCOM\lib386\dos\clib3r.lib(makepath)
0001:00015080  _makepath_
Module: D:\WATCOM\lib386\dos\clib3r.lib(stricmp)
0001:000151b9  stricmp_
Module: D:\WATCOM\lib386\dos\clib3r.lib(strcpy)
0001:000151f4  strcpy_
Module: D:\WATCOM\lib386\dos\clib3r.lib(spl)
0001:00015213  spawnl_
Module: D:\WATCOM\lib386\dos\clib3r.lib(grabfp87)
0001:00015231  __GrabFP87_
Module: D:\WATCOM\lib386\dos\clib3r.lib(mbdtoupp)
0001:000152ad  _mbdtoupper_
Module: D:\WATCOM\lib386\dos\clib3r.lib(mbsnccnt)
0001:000152c0  _mbsnccnt_
Module: D:\WATCOM\lib386\dos\clib3r.lib(mbsncpy)
0001:000152ec  _mbsncpy_
Module: D:\WATCOM\lib386\dos\clib3r.lib(mbsnbcnt)
0001:0001530c  _mbsnbcnt_
Module: D:\WATCOM\lib386\dos\clib3r.lib(mbsdec)
0001:00015363  _mbsdec_
Module: D:\WATCOM\lib386\dos\clib3r.lib(fpe387)
0002:00004758  ___PMSeg
0002:0000475a  ___PMAddr
0002:0000475e  ___RMAddr
0001:000153d8  __Init_FPE_handler_
0001:00015435  __Fini_FPE_handler_
Module: D:\WATCOM\lib386\dos\clib3r.lib(fpeinth)
0001:00015492  __Enable_FPE_
0001:000154a7  __FPEHandler_
0001:000154a7  ___FPEHandlerStart_
0001:000154b4  __FPE2Handler_
0001:000155b7  ___FPEHandlerEnd_
Module: D:\WATCOM\lib386\dos\clib3r.lib(ismbdlow)
0001:000156ef  _ismbdlower_
Module: D:\WATCOM\lib386\dos\clib3r.lib(mbsnbcpy)
0001:00015732  _mbsnbcpy_
Module: D:\WATCOM\lib386\dos\clib3r.lib(fpephar)
0001:000157ce  __Phar_hook_init_
0001:00015891  __Phar_hook_fini_
Module: D:\WATCOM\lib386\dos\clib3r.lib(fpedos4g)
0001:000158be  __DOS4G_hook_init_
0001:000158eb  __DOS4G_hook_fini_
Module: D:\WATCOM\lib386\dos\clib3r.lib(fpeergo)
0001:00015904  __Ergo_hook_init_
0001:00015942  __Ergo_hook_fini_
Module: D:\WATCOM\lib386\dos\clib3r.lib(fpeintel)
0001:0001595c  __Intel_hook_init_
0001:000159b4  __Intel_hook_fini_
Module: D:\WATCOM\lib386\dos\clib3r.lib(mbislegl)
0001:000159b5  _ismbclegal_
Module: D:\WATCOM\lib386\dos\clib3r.lib(fpeint)
0002:00004980  ___FPE_int
0002:00004981  ___IRQ_num
0002:00004982  ___IRQ_int
0002:00004983  ___MST_pic
0002:00004984+ ___SLV_pic
Module: D:\WATCOM\lib386\dos\clib3r.lib(mbistrai)
0001:00015a53  _ismbbtrail_
Module: D:\WATCOM\lib386\dos\clib3r.lib(isktable)
0002:00004988  __IsKTable


                        +----------------------+
                        |   Imported Symbols   |
                        +----------------------+

Symbol                              Module
======                              ======



                        +--------------------+
                        |   Libraries Used   |
                        +--------------------+

D:\WATCOM\lib386\math387r.lib
D:\WATCOM\lib386\dos\clib3r.lib
D:\WATCOM\lib386\plib3r.lib


                        +-----------------------+
                        |   Linker Statistics   |
                        +-----------------------+

Stack size:  1000 (4096.)
Memory size:  000230f8 (143608.)
Entry point address: 0001:0000e988
Link time: 00:00.05
